Archive member included to satisfy reference by file (symbol)

c:/st/stm32cubeide_1.12.1/stm32cubeide/plugins/com.st.stm32cube.ide.mcu.externaltools.gnu-tools-for-stm32.10.3-2021.10.win32_1.0.200.202301161003/tools/bin/../lib/gcc/arm-none-eabi/10.3.1/../../../../arm-none-eabi/lib/thumb/v6-m/nofp\libc_nano.a(lib_a-errno.o)
                              ./Core/Src/syscalls.o (__errno)
c:/st/stm32cubeide_1.12.1/stm32cubeide/plugins/com.st.stm32cube.ide.mcu.externaltools.gnu-tools-for-stm32.10.3-2021.10.win32_1.0.200.202301161003/tools/bin/../lib/gcc/arm-none-eabi/10.3.1/../../../../arm-none-eabi/lib/thumb/v6-m/nofp\libc_nano.a(lib_a-exit.o)
                              c:/st/stm32cubeide_1.12.1/stm32cubeide/plugins/com.st.stm32cube.ide.mcu.externaltools.gnu-tools-for-stm32.10.3-2021.10.win32_1.0.200.202301161003/tools/bin/../lib/gcc/arm-none-eabi/10.3.1/../../../../arm-none-eabi/lib/thumb/v6-m/nofp/crt0.o (exit)
c:/st/stm32cubeide_1.12.1/stm32cubeide/plugins/com.st.stm32cube.ide.mcu.externaltools.gnu-tools-for-stm32.10.3-2021.10.win32_1.0.200.202301161003/tools/bin/../lib/gcc/arm-none-eabi/10.3.1/../../../../arm-none-eabi/lib/thumb/v6-m/nofp\libc_nano.a(lib_a-impure.o)
                              c:/st/stm32cubeide_1.12.1/stm32cubeide/plugins/com.st.stm32cube.ide.mcu.externaltools.gnu-tools-for-stm32.10.3-2021.10.win32_1.0.200.202301161003/tools/bin/../lib/gcc/arm-none-eabi/10.3.1/../../../../arm-none-eabi/lib/thumb/v6-m/nofp\libc_nano.a(lib_a-exit.o) (_global_impure_ptr)
c:/st/stm32cubeide_1.12.1/stm32cubeide/plugins/com.st.stm32cube.ide.mcu.externaltools.gnu-tools-for-stm32.10.3-2021.10.win32_1.0.200.202301161003/tools/bin/../lib/gcc/arm-none-eabi/10.3.1/../../../../arm-none-eabi/lib/thumb/v6-m/nofp\libc_nano.a(lib_a-init.o)
                              c:/st/stm32cubeide_1.12.1/stm32cubeide/plugins/com.st.stm32cube.ide.mcu.externaltools.gnu-tools-for-stm32.10.3-2021.10.win32_1.0.200.202301161003/tools/bin/../lib/gcc/arm-none-eabi/10.3.1/../../../../arm-none-eabi/lib/thumb/v6-m/nofp/crt0.o (__libc_init_array)
c:/st/stm32cubeide_1.12.1/stm32cubeide/plugins/com.st.stm32cube.ide.mcu.externaltools.gnu-tools-for-stm32.10.3-2021.10.win32_1.0.200.202301161003/tools/bin/../lib/gcc/arm-none-eabi/10.3.1/../../../../arm-none-eabi/lib/thumb/v6-m/nofp\libc_nano.a(lib_a-memset.o)
                              c:/st/stm32cubeide_1.12.1/stm32cubeide/plugins/com.st.stm32cube.ide.mcu.externaltools.gnu-tools-for-stm32.10.3-2021.10.win32_1.0.200.202301161003/tools/bin/../lib/gcc/arm-none-eabi/10.3.1/../../../../arm-none-eabi/lib/thumb/v6-m/nofp/crt0.o (memset)
c:/st/stm32cubeide_1.12.1/stm32cubeide/plugins/com.st.stm32cube.ide.mcu.externaltools.gnu-tools-for-stm32.10.3-2021.10.win32_1.0.200.202301161003/tools/bin/../lib/gcc/arm-none-eabi/10.3.1/thumb/v6-m/nofp\libgcc.a(_udivsi3.o)
                              ./Core/Src/system_stm32g0xx.o (__aeabi_uidiv)
c:/st/stm32cubeide_1.12.1/stm32cubeide/plugins/com.st.stm32cube.ide.mcu.externaltools.gnu-tools-for-stm32.10.3-2021.10.win32_1.0.200.202301161003/tools/bin/../lib/gcc/arm-none-eabi/10.3.1/thumb/v6-m/nofp\libgcc.a(_divsi3.o)
                              ./Drivers/STM32G0xx_HAL_Driver/Src/stm32g0xx_hal_uart_ex.o (__aeabi_idiv)
c:/st/stm32cubeide_1.12.1/stm32cubeide/plugins/com.st.stm32cube.ide.mcu.externaltools.gnu-tools-for-stm32.10.3-2021.10.win32_1.0.200.202301161003/tools/bin/../lib/gcc/arm-none-eabi/10.3.1/thumb/v6-m/nofp\libgcc.a(_dvmd_tls.o)
                              c:/st/stm32cubeide_1.12.1/stm32cubeide/plugins/com.st.stm32cube.ide.mcu.externaltools.gnu-tools-for-stm32.10.3-2021.10.win32_1.0.200.202301161003/tools/bin/../lib/gcc/arm-none-eabi/10.3.1/thumb/v6-m/nofp\libgcc.a(_udivsi3.o) (__aeabi_idiv0)
c:/st/stm32cubeide_1.12.1/stm32cubeide/plugins/com.st.stm32cube.ide.mcu.externaltools.gnu-tools-for-stm32.10.3-2021.10.win32_1.0.200.202301161003/tools/bin/../lib/gcc/arm-none-eabi/10.3.1/thumb/v6-m/nofp\libgcc.a(_aeabi_uldivmod.o)
                              ./Drivers/STM32G0xx_HAL_Driver/Src/stm32g0xx_hal_uart.o (__aeabi_uldivmod)
c:/st/stm32cubeide_1.12.1/stm32cubeide/plugins/com.st.stm32cube.ide.mcu.externaltools.gnu-tools-for-stm32.10.3-2021.10.win32_1.0.200.202301161003/tools/bin/../lib/gcc/arm-none-eabi/10.3.1/thumb/v6-m/nofp\libgcc.a(_udivmoddi4.o)
                              c:/st/stm32cubeide_1.12.1/stm32cubeide/plugins/com.st.stm32cube.ide.mcu.externaltools.gnu-tools-for-stm32.10.3-2021.10.win32_1.0.200.202301161003/tools/bin/../lib/gcc/arm-none-eabi/10.3.1/thumb/v6-m/nofp\libgcc.a(_aeabi_uldivmod.o) (__udivmoddi4)
c:/st/stm32cubeide_1.12.1/stm32cubeide/plugins/com.st.stm32cube.ide.mcu.externaltools.gnu-tools-for-stm32.10.3-2021.10.win32_1.0.200.202301161003/tools/bin/../lib/gcc/arm-none-eabi/10.3.1/thumb/v6-m/nofp\libgcc.a(_clzdi2.o)
[...]
Memory Configuration

Name             Origin             Length             Attributes
RAM              0x0000000020000000 0x0000000000002000 xrw
FLASH            0x0000000008000000 0x0000000000010000 xr
*default*        0x0000000000000000 0xffffffffffffffff

Linker script and memory map

LOAD c:/st/stm32cubeide_1.12.1/stm32cubeide/plugins/com.st.stm32cube.ide.mcu.externaltools.gnu-tools-for-stm32.10.3-2021.10.win32_1.0.200.202301161003/tools/bin/../lib/gcc/arm-none-eabi/10.3.1/thumb/v6-m/nofp/crti.o
LOAD c:/st/stm32cubeide_1.12.1/stm32cubeide/plugins/com.st.stm32cube.ide.mcu.externaltools.gnu-tools-for-stm32.10.3-2021.10.win32_1.0.200.202301161003/tools/bin/../lib/gcc/arm-none-eabi/10.3.1/thumb/v6-m/nofp/crtbegin.o
LOAD c:/st/stm32cubeide_1.12.1/stm32cubeide/plugins/com.st.stm32cube.ide.mcu.externaltools.gnu-tools-for-stm32.10.3-2021.10.win32_1.0.200.202301161003/tools/bin/../lib/gcc/arm-none-eabi/10.3.1/../../../../arm-none-eabi/lib/thumb/v6-m/nofp/crt0.o
LOAD ./Core/Src/main.o
LOAD ./Core/Src/stm32g0xx_hal_msp.o
LOAD ./Core/Src/stm32g0xx_it.o
LOAD ./Core/Src/syscalls.o
LOAD ./Core/Src/sysmem.o
LOAD ./Core/Src/system_stm32g0xx.o
LOAD ./Core/Startup/startup_stm32g031k8tx.o
LOAD ./Drivers/STM32G0xx_HAL_Driver/Src/stm32g0xx_hal.o
LOAD ./Drivers/STM32G0xx_HAL_Driver/Src/stm32g0xx_hal_cortex.o
LOAD ./Drivers/STM32G0xx_HAL_Driver/Src/stm32g0xx_hal_dma.o
LOAD ./Drivers/STM32G0xx_HAL_Driver/Src/stm32g0xx_hal_dma_ex.o
LOAD ./Drivers/STM32G0xx_HAL_Driver/Src/stm32g0xx_hal_exti.o
LOAD ./Drivers/STM32G0xx_HAL_Driver/Src/stm32g0xx_hal_flash.o
LOAD ./Drivers/STM32G0xx_HAL_Driver/Src/stm32g0xx_hal_flash_ex.o
LOAD ./Drivers/STM32G0xx_HAL_Driver/Src/stm32g0xx_hal_gpio.o
LOAD ./Drivers/STM32G0xx_HAL_Driver/Src/stm32g0xx_hal_pwr.o
LOAD ./Drivers/STM32G0xx_HAL_Driver/Src/stm32g0xx_hal_pwr_ex.o
LOAD ./Drivers/STM32G0xx_HAL_Driver/Src/stm32g0xx_hal_rcc.o
LOAD ./Drivers/STM32G0xx_HAL_Driver/Src/stm32g0xx_hal_rcc_ex.o
LOAD ./Drivers/STM32G0xx_HAL_Driver/Src/stm32g0xx_hal_rtc.o
LOAD ./Drivers/STM32G0xx_HAL_Driver/Src/stm32g0xx_hal_rtc_ex.o
LOAD ./Drivers/STM32G0xx_HAL_Driver/Src/stm32g0xx_hal_tim.o
LOAD ./Drivers/STM32G0xx_HAL_Driver/Src/stm32g0xx_hal_tim_ex.o
LOAD ./Drivers/STM32G0xx_HAL_Driver/Src/stm32g0xx_hal_uart.o
LOAD ./Drivers/STM32G0xx_HAL_Driver/Src/stm32g0xx_hal_uart_ex.o
LOAD ./Drivers/STM32G0xx_HAL_Driver/Src/stm32g0xx_ll_dma.o
LOAD ./Drivers/STM32G0xx_HAL_Driver/Src/stm32g0xx_ll_rcc.o
START GROUP
LOAD c:/st/stm32cubeide_1.12.1/stm32cubeide/plugins/com.st.stm32cube.ide.mcu.externaltools.gnu-tools-for-stm32.10.3-2021.10.win32_1.0.200.202301161003/tools/bin/../lib/gcc/arm-none-eabi/10.3.1/../../../../arm-none-eabi/lib/thumb/v6-m/nofp\libc_nano.a
LOAD c:/st/stm32cubeide_1.12.1/stm32cubeide/plugins/com.st.stm32cube.ide.mcu.externaltools.gnu-tools-for-stm32.10.3-2021.10.win32_1.0.200.202301161003/tools/bin/../lib/gcc/arm-none-eabi/10.3.1/../../../../arm-none-eabi/lib/thumb/v6-m/nofp\libm.a
END GROUP
START GROUP
LOAD c:/st/stm32cubeide_1.12.1/stm32cubeide/plugins/com.st.stm32cube.ide.mcu.externaltools.gnu-tools-for-stm32.10.3-2021.10.win32_1.0.200.202301161003/tools/bin/../lib/gcc/arm-none-eabi/10.3.1/thumb/v6-m/nofp\libgcc.a
LOAD c:/st/stm32cubeide_1.12.1/stm32cubeide/plugins/com.st.stm32cube.ide.mcu.externaltools.gnu-tools-for-stm32.10.3-2021.10.win32_1.0.200.202301161003/tools/bin/../lib/gcc/arm-none-eabi/10.3.1/../../../../arm-none-eabi/lib/thumb/v6-m/nofp\libc_nano.a
END GROUP
START GROUP
LOAD c:/st/stm32cubeide_1.12.1/stm32cubeide/plugins/com.st.stm32cube.ide.mcu.externaltools.gnu-tools-for-stm32.10.3-2021.10.win32_1.0.200.202301161003/tools/bin/../lib/gcc/arm-none-eabi/10.3.1/thumb/v6-m/nofp\libgcc.a
LOAD c:/st/stm32cubeide_1.12.1/stm32cubeide/plugins/com.st.stm32cube.ide.mcu.externaltools.gnu-tools-for-stm32.10.3-2021.10.win32_1.0.200.202301161003/tools/bin/../lib/gcc/arm-none-eabi/10.3.1/../../../../arm-none-eabi/lib/thumb/v6-m/nofp\libc_nano.a
LOAD c:/st/stm32cubeide_1.12.1/stm32cubeide/plugins/com.st.stm32cube.ide.mcu.externaltools.gnu-tools-for-stm32.10.3-2021.10.win32_1.0.200.202301161003/tools/bin/../lib/gcc/arm-none-eabi/10.3.1/../../../../arm-none-eabi/lib/thumb/v6-m/nofp\libnosys.a
END GROUP
START GROUP
LOAD c:/st/stm32cubeide_1.12.1/stm32cubeide/plugins/com.st.stm32cube.ide.mcu.externaltools.gnu-tools-for-stm32.10.3-2021.10.win32_1.0.200.202301161003/tools/bin/../lib/gcc/arm-none-eabi/10.3.1/thumb/v6-m/nofp\libgcc.a
LOAD c:/st/stm32cubeide_1.12.1/stm32cubeide/plugins/com.st.stm32cube.ide.mcu.externaltools.gnu-tools-for-stm32.10.3-2021.10.win32_1.0.200.202301161003/tools/bin/../lib/gcc/arm-none-eabi/10.3.1/../../../../arm-none-eabi/lib/thumb/v6-m/nofp\libc_nano.a
LOAD c:/st/stm32cubeide_1.12.1/stm32cubeide/plugins/com.st.stm32cube.ide.mcu.externaltools.gnu-tools-for-stm32.10.3-2021.10.win32_1.0.200.202301161003/tools/bin/../lib/gcc/arm-none-eabi/10.3.1/../../../../arm-none-eabi/lib/thumb/v6-m/nofp\libnosys.a
END GROUP
LOAD c:/st/stm32cubeide_1.12.1/stm32cubeide/plugins/com.st.stm32cube.ide.mcu.externaltools.gnu-tools-for-stm32.10.3-2021.10.win32_1.0.200.202301161003/tools/bin/../lib/gcc/arm-none-eabi/10.3.1/thumb/v6-m/nofp/crtend.o
LOAD c:/st/stm32cubeide_1.12.1/stm32cubeide/plugins/com.st.stm32cube.ide.mcu.externaltools.gnu-tools-for-stm32.10.3-2021.10.win32_1.0.200.202301161003/tools/bin/../lib/gcc/arm-none-eabi/10.3.1/thumb/v6-m/nofp/crtn.o
                0x0000000020002000                _estack = (ORIGIN (RAM) + LENGTH (RAM))
                0x0000000000000200                _Min_Heap_Size = 0x200
                0x0000000000000400                _Min_Stack_Size = 0x400

.isr_vector     0x0000000008000000       0xbc
                0x0000000008000000                . = ALIGN (0x4)
 *(.isr_vector)
 .isr_vector    0x0000000008000000       0xbc ./Core/Startup/startup_stm32g031k8tx.o
                0x0000000008000000                g_pfnVectors
                0x00000000080000bc                . = ALIGN (0x4)

.text           0x00000000080000bc     0x32cc
                0x00000000080000bc                . = ALIGN (0x4)
 *(.text)
 .text          0x00000000080000bc       0x48 c:/st/stm32cubeide_1.12.1/stm32cubeide/plugins/com.st.stm32cube.ide.mcu.externaltools.gnu-tools-for-stm32.10.3-2021.10.win32_1.0.200.202301161003/tools/bin/../lib/gcc/arm-none-eabi/10.3.1/thumb/v6-m/nofp/crtbegin.o
 .text          0x0000000008000104      0x114 c:/st/stm32cubeide_1.12.1/stm32cubeide/plugins/com.st.stm32cube.ide.mcu.externaltools.gnu-tools-for-stm32.10.3-2021.10.win32_1.0.200.202301161003/tools/bin/../lib/gcc/arm-none-eabi/10.3.1/thumb/v6-m/nofp\libgcc.a(_udivsi3.o)
                0x0000000008000104                __aeabi_uidiv
                0x0000000008000104                __udivsi3
                0x0000000008000210                __aeabi_uidivmod
 .text          0x0000000008000218        0x4 c:/st/stm32cubeide_1.12.1/stm32cubeide/plugins/com.st.stm32cube.ide.mcu.externaltools.gnu-tools-for-stm32.10.3-2021.10.win32_1.0.200.202301161003/tools/bin/../lib/gcc/arm-none-eabi/10.3.1/thumb/v6-m/nofp\libgcc.a(_dvmd_tls.o)
                0x0000000008000218                __aeabi_idiv0
                0x0000000008000218                __aeabi_ldiv0
 .text          0x000000000800021c       0x40 c:/st/stm32cubeide_1.12.1/stm32cubeide/plugins/com.st.stm32cube.ide.mcu.externaltools.gnu-tools-for-stm32.10.3-2021.10.win32_1.0.200.202301161003/tools/bin/../lib/gcc/arm-none-eabi/10.3.1/thumb/v6-m/nofp\libgcc.a(_aeabi_uldivmod.o)
                0x000000000800021c                __aeabi_uldivmod
 .text          0x000000000800025c      0x198 c:/st/stm32cubeide_1.12.1/stm32cubeide/plugins/com.st.stm32cube.ide.mcu.externaltools.gnu-tools-for-stm32.10.3-2021.10.win32_1.0.200.202301161003/tools/bin/../lib/gcc/arm-none-eabi/10.3.1/thumb/v6-m/nofp\libgcc.a(_udivmoddi4.o)
                0x000000000800025c                __udivmoddi4
 .text          0x00000000080003f4       0x18 c:/st/stm32cubeide_1.12.1/stm32cubeide/plugins/com.st.stm32cube.ide.mcu.externaltools.gnu-tools-for-stm32.10.3-2021.10.win32_1.0.200.202301161003/tools/bin/../lib/gcc/arm-none-eabi/10.3.1/thumb/v6-m/nofp\libgcc.a(_clzdi2.o)
                0x00000000080003f4                __clzdi2
 .text          0x000000000800040c       0x3c c:/st/stm32cubeide_1.12.1/stm32cubeide/plugins/com.st.stm32cube.ide.mcu.externaltools.gnu-tools-for-stm32.10.3-2021.10.win32_1.0.200.202301161003/tools/bin/../lib/gcc/arm-none-eabi/10.3.1/thumb/v6-m/nofp\libgcc.a(_clzsi2.o)
                0x000000000800040c                __clzsi2
 *(.text*)
 .text.main     0x0000000008000448       0x1a ./Core/Src/main.o
                0x0000000008000448                main
 .text.SystemClock_Config
                0x0000000008000462       0x98 ./Core/Src/main.o
                0x0000000008000462                SystemClock_Config
 *fill*         0x00000000080004fa        0x2 
 .text.MX_RTC_Init
                0x00000000080004fc      0x158 ./Core/Src/main.o
 .text.MX_USART2_UART_Init
                0x0000000008000654       0x68 ./Core/Src/main.o
 .text.MX_GPIO_Init
                0x00000000080006bc      0x1f4 ./Core/Src/main.o
 .text.HAL_GPIO_EXTI_Falling_Callback
                0x00000000080008b0       0xb8 ./Core/Src/main.o
                0x00000000080008b0                HAL_GPIO_EXTI_Falling_Callback
 .text.HAL_RTC_AlarmAEventCallback
                0x0000000008000968       0x62 ./Core/Src/main.o
                0x0000000008000968                HAL_RTC_AlarmAEventCallback
 .text.Error_Handler
                0x00000000080009ca        0xa ./Core/Src/main.o
                0x00000000080009ca                Error_Handler
 .text.HAL_MspInit
                0x00000000080009d4       0x48 ./Core/Src/stm32g0xx_hal_msp.o
                0x00000000080009d4                HAL_MspInit
 .text.HAL_RTC_MspInit
                0x0000000008000a1c       0x8c ./Core/Src/stm32g0xx_hal_msp.o
                0x0000000008000a1c                HAL_RTC_MspInit
 .text.HAL_UART_MspInit
                0x0000000008000aa8       0x94 ./Core/Src/stm32g0xx_hal_msp.o
                0x0000000008000aa8                HAL_UART_MspInit
 .text.NMI_Handler
                0x0000000008000b3c        0x6 ./Core/Src/stm32g0xx_it.o
                0x0000000008000b3c                NMI_Handler
 .text.HardFault_Handler
                0x0000000008000b42        0x6 ./Core/Src/stm32g0xx_it.o
                0x0000000008000b42                HardFault_Handler
 .text.SVC_Handler
                0x0000000008000b48        0xa ./Core/Src/stm32g0xx_it.o
                0x0000000008000b48                SVC_Handler
 .text.PendSV_Handler
                0x0000000008000b52        0xa ./Core/Src/stm32g0xx_it.o
                0x0000000008000b52                PendSV_Handler
 .text.SysTick_Handler
                0x0000000008000b5c        0xe ./Core/Src/stm32g0xx_it.o
                0x0000000008000b5c                SysTick_Handler
 *fill*         0x0000000008000b6a        0x2 
 .text.RTC_TAMP_IRQHandler
                0x0000000008000b6c       0x18 ./Core/Src/stm32g0xx_it.o
                0x0000000008000b6c                RTC_TAMP_IRQHandler
 .text.EXTI0_1_IRQHandler
                0x0000000008000b84       0x16 ./Core/Src/stm32g0xx_it.o
                0x0000000008000b84                EXTI0_1_IRQHandler
 .text.EXTI2_3_IRQHandler
                0x0000000008000b9a       0x10 ./Core/Src/stm32g0xx_it.o
                0x0000000008000b9a                EXTI2_3_IRQHandler
 .text.EXTI4_15_IRQHandler
                0x0000000008000baa       0x2a ./Core/Src/stm32g0xx_it.o
                0x0000000008000baa                EXTI4_15_IRQHandler
 .text.SystemInit
                0x0000000008000bd4        0xa ./Core/Src/system_stm32g0xx.o
                0x0000000008000bd4                SystemInit
 *fill*         0x0000000008000bde        0x2 
 .text.Reset_Handler
                0x0000000008000be0       0x50 ./Core/Startup/startup_stm32g031k8tx.o
                0x0000000008000be0                Reset_Handler
 .text.Default_Handler
                0x0000000008000c30        0x2 ./Core/Startup/startup_stm32g031k8tx.o
                0x0000000008000c30                TIM1_CC_IRQHandler
                0x0000000008000c30                PVD_IRQHandler
                0x0000000008000c30                I2C1_IRQHandler
                0x0000000008000c30                LPTIM2_IRQHandler
                0x0000000008000c30                SPI1_IRQHandler
                0x0000000008000c30                DMA1_Ch4_5_DMAMUX1_OVR_IRQHandler
                0x0000000008000c30                ADC1_IRQHandler
                0x0000000008000c30                I2C2_IRQHandler
                0x0000000008000c30                TIM17_IRQHandler
                0x0000000008000c30                TIM16_IRQHandler
                0x0000000008000c30                TIM3_IRQHandler
                0x0000000008000c30                RCC_IRQHandler
                0x0000000008000c30                DMA1_Channel1_IRQHandler
                0x0000000008000c30                Default_Handler
                0x0000000008000c30                TIM14_IRQHandler
                0x0000000008000c30                SPI2_IRQHandler
                0x0000000008000c30                WWDG_IRQHandler
                0x0000000008000c30                LPUART1_IRQHandler
                0x0000000008000c30                TIM2_IRQHandler
                0x0000000008000c30                DMA1_Channel2_3_IRQHandler
                0x0000000008000c30                USART2_IRQHandler
                0x0000000008000c30                FLASH_IRQHandler
                0x0000000008000c30                USART1_IRQHandler
                0x0000000008000c30                TIM1_BRK_UP_TRG_COM_IRQHandler
                0x0000000008000c30                LPTIM1_IRQHandler
 *fill*         0x0000000008000c32        0x2 
 .text.HAL_Init
                0x0000000008000c34       0x40 ./Drivers/STM32G0xx_HAL_Driver/Src/stm32g0xx_hal.o
                0x0000000008000c34                HAL_Init
 .text.HAL_InitTick
                0x0000000008000c74       0x94 ./Drivers/STM32G0xx_HAL_Driver/Src/stm32g0xx_hal.o
                0x0000000008000c74                HAL_InitTick
 .text.HAL_IncTick
                0x0000000008000d08       0x24 ./Drivers/STM32G0xx_HAL_Driver/Src/stm32g0xx_hal.o
                0x0000000008000d08                HAL_IncTick
 .text.HAL_GetTick
                0x0000000008000d2c       0x14 ./Drivers/STM32G0xx_HAL_Driver/Src/stm32g0xx_hal.o
                0x0000000008000d2c                HAL_GetTick
 .text.__NVIC_EnableIRQ
                0x0000000008000d40       0x34 ./Drivers/STM32G0xx_HAL_Driver/Src/stm32g0xx_hal_cortex.o
 .text.__NVIC_SetPriority
                0x0000000008000d74       0xdc ./Drivers/STM32G0xx_HAL_Driver/Src/stm32g0xx_hal_cortex.o
 .text.SysTick_Config
                0x0000000008000e50       0x48 ./Drivers/STM32G0xx_HAL_Driver/Src/stm32g0xx_hal_cortex.o
 .text.HAL_NVIC_SetPriority
                0x0000000008000e98       0x2a ./Drivers/STM32G0xx_HAL_Driver/Src/stm32g0xx_hal_cortex.o
                0x0000000008000e98                HAL_NVIC_SetPriority
 .text.HAL_NVIC_EnableIRQ
                0x0000000008000ec2       0x20 ./Drivers/STM32G0xx_HAL_Driver/Src/stm32g0xx_hal_cortex.o
                0x0000000008000ec2                HAL_NVIC_EnableIRQ
 .text.HAL_SYSTICK_Config
                0x0000000008000ee2       0x1a ./Drivers/STM32G0xx_HAL_Driver/Src/stm32g0xx_hal_cortex.o
                0x0000000008000ee2                HAL_SYSTICK_Config
 .text.HAL_GPIO_Init
                0x0000000008000efc      0x2c8 ./Drivers/STM32G0xx_HAL_Driver/Src/stm32g0xx_hal_gpio.o
                0x0000000008000efc                HAL_GPIO_Init
 .text.HAL_GPIO_WritePin
                0x00000000080011c4       0x3a ./Drivers/STM32G0xx_HAL_Driver/Src/stm32g0xx_hal_gpio.o
                0x00000000080011c4                HAL_GPIO_WritePin
 .text.HAL_GPIO_TogglePin
                0x00000000080011fe       0x36 ./Drivers/STM32G0xx_HAL_Driver/Src/stm32g0xx_hal_gpio.o
                0x00000000080011fe                HAL_GPIO_TogglePin
 .text.HAL_GPIO_EXTI_IRQHandler
                0x0000000008001234       0x54 ./Drivers/STM32G0xx_HAL_Driver/Src/stm32g0xx_hal_gpio.o
                0x0000000008001234                HAL_GPIO_EXTI_IRQHandler
 .text.HAL_GPIO_EXTI_Rising_Callback
                0x0000000008001288       0x14 ./Drivers/STM32G0xx_HAL_Driver/Src/stm32g0xx_hal_gpio.o
                0x0000000008001288                HAL_GPIO_EXTI_Rising_Callback
 .text.HAL_PWREx_ControlVoltageScaling
                0x000000000800129c       0x80 ./Drivers/STM32G0xx_HAL_Driver/Src/stm32g0xx_hal_pwr_ex.o
                0x000000000800129c                HAL_PWREx_ControlVoltageScaling
 .text.LL_RCC_GetAPB1Prescaler
                0x000000000800131c       0x18 ./Drivers/STM32G0xx_HAL_Driver/Src/stm32g0xx_hal_rcc.o
 .text.HAL_RCC_OscConfig
                0x0000000008001334      0x634 ./Drivers/STM32G0xx_HAL_Driver/Src/stm32g0xx_hal_rcc.o
                0x0000000008001334                HAL_RCC_OscConfig
 .text.HAL_RCC_ClockConfig
                0x0000000008001968      0x210 ./Drivers/STM32G0xx_HAL_Driver/Src/stm32g0xx_hal_rcc.o
                0x0000000008001968                HAL_RCC_ClockConfig
 .text.HAL_RCC_GetSysClockFreq
                0x0000000008001b78      0x104 ./Drivers/STM32G0xx_HAL_Driver/Src/stm32g0xx_hal_rcc.o
                0x0000000008001b78                HAL_RCC_GetSysClockFreq
 .text.HAL_RCC_GetHCLKFreq
                0x0000000008001c7c       0x14 ./Drivers/STM32G0xx_HAL_Driver/Src/stm32g0xx_hal_rcc.o
                0x0000000008001c7c                HAL_RCC_GetHCLKFreq
 .text.HAL_RCC_GetPCLK1Freq
                0x0000000008001c90       0x2c ./Drivers/STM32G0xx_HAL_Driver/Src/stm32g0xx_hal_rcc.o
                0x0000000008001c90                HAL_RCC_GetPCLK1Freq
 .text.HAL_RCCEx_PeriphCLKConfig
                0x0000000008001cbc      0x2f4 ./Drivers/STM32G0xx_HAL_Driver/Src/stm32g0xx_hal_rcc_ex.o
                0x0000000008001cbc                HAL_RCCEx_PeriphCLKConfig
 .text.HAL_RTC_Init
                0x0000000008001fb0      0x144 ./Drivers/STM32G0xx_HAL_Driver/Src/stm32g0xx_hal_rtc.o
                0x0000000008001fb0                HAL_RTC_Init
 .text.HAL_RTC_SetTime
                0x00000000080020f4      0x150 ./Drivers/STM32G0xx_HAL_Driver/Src/stm32g0xx_hal_rtc.o
                0x00000000080020f4                HAL_RTC_SetTime
 .text.HAL_RTC_SetDate
                0x0000000008002244      0x124 ./Drivers/STM32G0xx_HAL_Driver/Src/stm32g0xx_hal_rtc.o
                0x0000000008002244                HAL_RTC_SetDate
 .text.HAL_RTC_SetAlarm_IT
                0x0000000008002368      0x280 ./Drivers/STM32G0xx_HAL_Driver/Src/stm32g0xx_hal_rtc.o
                0x0000000008002368                HAL_RTC_SetAlarm_IT
 .text.HAL_RTC_GetAlarm
                0x00000000080025e8      0x18c ./Drivers/STM32G0xx_HAL_Driver/Src/stm32g0xx_hal_rtc.o
                0x00000000080025e8                HAL_RTC_GetAlarm
 .text.HAL_RTC_AlarmIRQHandler
                0x0000000008002774       0x7c ./Drivers/STM32G0xx_HAL_Driver/Src/stm32g0xx_hal_rtc.o
                0x0000000008002774                HAL_RTC_AlarmIRQHandler
 .text.HAL_RTC_WaitForSynchro
                0x00000000080027f0       0x4e ./Drivers/STM32G0xx_HAL_Driver/Src/stm32g0xx_hal_rtc.o
                0x00000000080027f0                HAL_RTC_WaitForSynchro
 .text.RTC_EnterInitMode
                0x000000000800283e       0x84 ./Drivers/STM32G0xx_HAL_Driver/Src/stm32g0xx_hal_rtc.o
                0x000000000800283e                RTC_EnterInitMode
 *fill*         0x00000000080028c2        0x2 
 .text.RTC_ExitInitMode
                0x00000000080028c4       0x88 ./Drivers/STM32G0xx_HAL_Driver/Src/stm32g0xx_hal_rtc.o
                0x00000000080028c4                RTC_ExitInitMode
 .text.RTC_ByteToBcd2
                0x000000000800294c       0x50 ./Drivers/STM32G0xx_HAL_Driver/Src/stm32g0xx_hal_rtc.o
                0x000000000800294c                RTC_ByteToBcd2
 .text.RTC_Bcd2ToByte
                0x000000000800299c       0x3a ./Drivers/STM32G0xx_HAL_Driver/Src/stm32g0xx_hal_rtc.o
                0x000000000800299c                RTC_Bcd2ToByte
 .text.HAL_RTCEx_AlarmBEventCallback
                0x00000000080029d6       0x10 ./Drivers/STM32G0xx_HAL_Driver/Src/stm32g0xx_hal_rtc_ex.o
                0x00000000080029d6                HAL_RTCEx_AlarmBEventCallback
 *fill*         0x00000000080029e6        0x2 
 .text.HAL_UART_Init
                0x00000000080029e8       0xac ./Drivers/STM32G0xx_HAL_Driver/Src/stm32g0xx_hal_uart.o
                0x00000000080029e8                HAL_UART_Init
 .text.UART_SetConfig
                0x0000000008002a94      0x4f0 ./Drivers/STM32G0xx_HAL_Driver/Src/stm32g0xx_hal_uart.o
                0x0000000008002a94                UART_SetConfig
 .text.UART_AdvFeatureConfig
                0x0000000008002f84      0x168 ./Drivers/STM32G0xx_HAL_Driver/Src/stm32g0xx_hal_uart.o
                0x0000000008002f84                UART_AdvFeatureConfig
 .text.UART_CheckIdleState
                0x00000000080030ec       0x9c ./Drivers/STM32G0xx_HAL_Driver/Src/stm32g0xx_hal_uart.o
                0x00000000080030ec                UART_CheckIdleState
 .text.UART_WaitOnFlagUntilTimeout
                0x0000000008003188      0x190 ./Drivers/STM32G0xx_HAL_Driver/Src/stm32g0xx_hal_uart.o
                0x0000000008003188                UART_WaitOnFlagUntilTimeout
 .text.__libc_init_array
                0x0000000008003318       0x48 c:/st/stm32cubeide_1.12.1/stm32cubeide/plugins/com.st.stm32cube.ide.mcu.externaltools.gnu-tools-for-stm32.10.3-2021.10.win32_1.0.200.202301161003/tools/bin/../lib/gcc/arm-none-eabi/10.3.1/../../../../arm-none-eabi/lib/thumb/v6-m/nofp\libc_nano.a(lib_a-init.o)
                0x0000000008003318                __libc_init_array
 .text.memset   0x0000000008003360       0x10 c:/st/stm32cubeide_1.12.1/stm32cubeide/plugins/com.st.stm32cube.ide.mcu.externaltools.gnu-tools-for-stm32.10.3-2021.10.win32_1.0.200.202301161003/tools/bin/../lib/gcc/arm-none-eabi/10.3.1/../../../../arm-none-eabi/lib/thumb/v6-m/nofp\libc_nano.a(lib_a-memset.o)
                0x0000000008003360                memset
 *(.glue_7)
 .glue_7        0x0000000008003370        0x0 linker stubs
 *(.glue_7t)
 .glue_7t       0x0000000008003370        0x0 linker stubs
 *(.eh_frame)
 .eh_frame      0x0000000008003370        0x0 c:/st/stm32cubeide_1.12.1/stm32cubeide/plugins/com.st.stm32cube.ide.mcu.externaltools.gnu-tools-for-stm32.10.3-2021.10.win32_1.0.200.202301161003/tools/bin/../lib/gcc/arm-none-eabi/10.3.1/thumb/v6-m/nofp/crtbegin.o
 *(.init)
 .init          0x0000000008003370        0x4 c:/st/stm32cubeide_1.12.1/stm32cubeide/plugins/com.st.stm32cube.ide.mcu.externaltools.gnu-tools-for-stm32.10.3-2021.10.win32_1.0.200.202301161003/tools/bin/../lib/gcc/arm-none-eabi/10.3.1/thumb/v6-m/nofp/crti.o
                0x0000000008003370                _init
 .init          0x0000000008003374        0x8 c:/st/stm32cubeide_1.12.1/stm32cubeide/plugins/com.st.stm32cube.ide.mcu.externaltools.gnu-tools-for-stm32.10.3-2021.10.win32_1.0.200.202301161003/tools/bin/../lib/gcc/arm-none-eabi/10.3.1/thumb/v6-m/nofp/crtn.o
 *(.fini)
 .fini          0x000000000800337c        0x4 c:/st/stm32cubeide_1.12.1/stm32cubeide/plugins/com.st.stm32cube.ide.mcu.externaltools.gnu-tools-for-stm32.10.3-2021.10.win32_1.0.200.202301161003/tools/bin/../lib/gcc/arm-none-eabi/10.3.1/thumb/v6-m/nofp/crti.o
                0x000000000800337c                _fini
 .fini          0x0000000008003380        0x8 c:/st/stm32cubeide_1.12.1/stm32cubeide/plugins/com.st.stm32cube.ide.mcu.externaltools.gnu-tools-for-stm32.10.3-2021.10.win32_1.0.200.202301161003/tools/bin/../lib/gcc/arm-none-eabi/10.3.1/thumb/v6-m/nofp/crtn.o
                0x0000000008003388                . = ALIGN (0x4)
                0x0000000008003388                _etext = .

.vfp11_veneer   0x0000000008003388        0x0
 .vfp11_veneer  0x0000000008003388        0x0 linker stubs

.v4_bx          0x0000000008003388        0x0
 .v4_bx         0x0000000008003388        0x0 linker stubs

.iplt           0x0000000008003388        0x0
 .iplt          0x0000000008003388        0x0 c:/st/stm32cubeide_1.12.1/stm32cubeide/plugins/com.st.stm32cube.ide.mcu.externaltools.gnu-tools-for-stm32.10.3-2021.10.win32_1.0.200.202301161003/tools/bin/../lib/gcc/arm-none-eabi/10.3.1/thumb/v6-m/nofp/crtbegin.o

.rodata         0x0000000008003388       0x78
                0x0000000008003388                . = ALIGN (0x4)
 *(.rodata)
 *(.rodata*)
 .rodata.AHBPrescTable
                0x0000000008003388       0x40 ./Core/Src/system_stm32g0xx.o
                0x0000000008003388                AHBPrescTable
 .rodata.APBPrescTable
                0x00000000080033c8       0x20 ./Core/Src/system_stm32g0xx.o
                0x00000000080033c8                APBPrescTable
 .rodata.UARTPrescTable
                0x00000000080033e8       0x18 ./Drivers/STM32G0xx_HAL_Driver/Src/stm32g0xx_hal_uart.o
                0x00000000080033e8                UARTPrescTable
                0x0000000008003400                . = ALIGN (0x4)

.ARM.extab      0x0000000008003400        0x0
                0x0000000008003400                . = ALIGN (0x4)
 *(.ARM.extab* .gnu.linkonce.armextab.*)
                0x0000000008003400                . = ALIGN (0x4)

.ARM            0x0000000008003400        0x8
                0x0000000008003400                . = ALIGN (0x4)
                0x0000000008003400                __exidx_start = .
 *(.ARM.exidx*)
 .ARM.exidx     0x0000000008003400        0x8 c:/st/stm32cubeide_1.12.1/stm32cubeide/plugins/com.st.stm32cube.ide.mcu.externaltools.gnu-tools-for-stm32.10.3-2021.10.win32_1.0.200.202301161003/tools/bin/../lib/gcc/arm-none-eabi/10.3.1/thumb/v6-m/nofp\libgcc.a(_udivmoddi4.o)
                0x0000000008003408                __exidx_end = .
                0x0000000008003408                . = ALIGN (0x4)

.rel.dyn        0x0000000008003408        0x0
 .rel.iplt      0x0000000008003408        0x0 c:/st/stm32cubeide_1.12.1/stm32cubeide/plugins/com.st.stm32cube.ide.mcu.externaltools.gnu-tools-for-stm32.10.3-2021.10.win32_1.0.200.202301161003/tools/bin/../lib/gcc/arm-none-eabi/10.3.1/thumb/v6-m/nofp/crtbegin.o

.preinit_array  0x0000000008003408        0x0
                0x0000000008003408                . = ALIGN (0x4)
                0x0000000008003408                PROVIDE (__preinit_array_start = .)
 *(.preinit_array*)
                0x0000000008003408                PROVIDE (__preinit_array_end = .)
                0x0000000008003408                . = ALIGN (0x4)

.init_array     0x0000000008003408        0x4
                0x0000000008003408                . = ALIGN (0x4)
                0x0000000008003408                PROVIDE (__init_array_start = .)
 *(SORT_BY_NAME(.init_array.*))
 *(.init_array*)
 .init_array    0x0000000008003408        0x4 c:/st/stm32cubeide_1.12.1/stm32cubeide/plugins/com.st.stm32cube.ide.mcu.externaltools.gnu-tools-for-stm32.10.3-2021.10.win32_1.0.200.202301161003/tools/bin/../lib/gcc/arm-none-eabi/10.3.1/thumb/v6-m/nofp/crtbegin.o
                0x000000000800340c                PROVIDE (__init_array_end = .)
                0x000000000800340c                . = ALIGN (0x4)

.fini_array     0x000000000800340c        0x4
                0x000000000800340c                . = ALIGN (0x4)
                [!provide]                        PROVIDE (__fini_array_start = .)
 *(SORT_BY_NAME(.fini_array.*))
 *(.fini_array*)
 .fini_array    0x000000000800340c        0x4 c:/st/stm32cubeide_1.12.1/stm32cubeide/plugins/com.st.stm32cube.ide.mcu.externaltools.gnu-tools-for-stm32.10.3-2021.10.win32_1.0.200.202301161003/tools/bin/../lib/gcc/arm-none-eabi/10.3.1/thumb/v6-m/nofp/crtbegin.o
                [!provide]                        PROVIDE (__fini_array_end = .)
                0x0000000008003410                . = ALIGN (0x4)
                0x0000000008003410                _sidata = LOADADDR (.data)

.data           0x0000000020000000        0xc load address 0x0000000008003410
                0x0000000020000000                . = ALIGN (0x4)
                0x0000000020000000                _sdata = .
 *(.data)
 *(.data*)
 .data.SystemCoreClock
                0x0000000020000000        0x4 ./Core/Src/system_stm32g0xx.o
                0x0000000020000000                SystemCoreClock
 .data.uwTickPrio
                0x0000000020000004        0x4 ./Drivers/STM32G0xx_HAL_Driver/Src/stm32g0xx_hal.o
                0x0000000020000004                uwTickPrio
 .data.uwTickFreq
                0x0000000020000008        0x1 ./Drivers/STM32G0xx_HAL_Driver/Src/stm32g0xx_hal.o
                0x0000000020000008                uwTickFreq
 *(.RamFunc)
 *(.RamFunc*)
                0x000000002000000c                . = ALIGN (0x4)
 *fill*         0x0000000020000009        0x3 
                0x000000002000000c                _edata = .

.igot.plt       0x000000002000000c        0x0 load address 0x000000000800341c
 .igot.plt      0x000000002000000c        0x0 c:/st/stm32cubeide_1.12.1/stm32cubeide/plugins/com.st.stm32cube.ide.mcu.externaltools.gnu-tools-for-stm32.10.3-2021.10.win32_1.0.200.202301161003/tools/bin/../lib/gcc/arm-none-eabi/10.3.1/thumb/v6-m/nofp/crtbegin.o
                0x000000002000000c                . = ALIGN (0x4)

.bss            0x000000002000000c       0xe0 load address 0x000000000800341c
                0x000000002000000c                _sbss = .
                0x000000002000000c                __bss_start__ = _sbss
 *(.bss)
 .bss           0x000000002000000c       0x1c c:/st/stm32cubeide_1.12.1/stm32cubeide/plugins/com.st.stm32cube.ide.mcu.externaltools.gnu-tools-for-stm32.10.3-2021.10.win32_1.0.200.202301161003/tools/bin/../lib/gcc/arm-none-eabi/10.3.1/thumb/v6-m/nofp/crtbegin.o
 *(.bss*)
 .bss.hrtc      0x0000000020000028       0x2c ./Core/Src/main.o
                0x0000000020000028                hrtc
 .bss.huart2    0x0000000020000054       0x94 ./Core/Src/main.o
                0x0000000020000054                huart2
 .bss.uwTick    0x00000000200000e8        0x4 ./Drivers/STM32G0xx_HAL_Driver/Src/stm32g0xx_hal.o
                0x00000000200000e8                uwTick
 *(COMMON)
                0x00000000200000ec                . = ALIGN (0x4)
                0x00000000200000ec                _ebss = .
                0x00000000200000ec                __bss_end__ = _ebss

._user_heap_stack
                0x00000000200000ec      0x604 load address 0x000000000800341c
                0x00000000200000f0                . = ALIGN (0x8)
 *fill*         0x00000000200000ec        0x4 
                [!provide]                        PROVIDE (end = .)
                0x00000000200000f0                PROVIDE (_end = .)
                0x00000000200002f0                . = (. + _Min_Heap_Size)
 *fill*         0x00000000200000f0      0x200 
                0x00000000200006f0                . = (. + _Min_Stack_Size)
 *fill*         0x00000000200002f0      0x400 
                0x00000000200006f0                . = ALIGN (0x8)

/DISCARD/
 libc.a(*)
 libm.a(*)
 libgcc.a(*)

.ARM.attributes
                0x0000000000000000       0x28
 *(.ARM.attributes)
 .ARM.attributes
                0x0000000000000000       0x1e c:/st/stm32cubeide_1.12.1/stm32cubeide/plugins/com.st.stm32cube.ide.mcu.externaltools.gnu-tools-for-stm32.10.3-2021.10.win32_1.0.200.202301161003/tools/bin/../lib/gcc/arm-none-eabi/10.3.1/thumb/v6-m/nofp/crti.o
 .ARM.attributes
                0x000000000000001e       0x2c c:/st/stm32cubeide_1.12.1/stm32cubeide/plugins/com.st.stm32cube.ide.mcu.externaltools.gnu-tools-for-stm32.10.3-2021.10.win32_1.0.200.202301161003/tools/bin/../lib/gcc/arm-none-eabi/10.3.1/thumb/v6-m/nofp/crtbegin.o
 .ARM.attributes
                0x000000000000004a       0x2c ./Core/Src/main.o
 .ARM.attributes
                0x0000000000000076       0x2c ./Core/Src/stm32g0xx_hal_msp.o
 .ARM.attributes
                0x00000000000000a2       0x2c ./Core/Src/stm32g0xx_it.o
 .ARM.attributes
                0x00000000000000ce       0x2c ./Core/Src/system_stm32g0xx.o
 .ARM.attributes
                0x00000000000000fa       0x22 ./Core/Startup/startup_stm32g031k8tx.o
 .ARM.attributes
                0x000000000000011c       0x2c ./Drivers/STM32G0xx_HAL_Driver/Src/stm32g0xx_hal.o
 .ARM.attributes
                0x0000000000000148       0x2c ./Drivers/STM32G0xx_HAL_Driver/Src/stm32g0xx_hal_cortex.o
 .ARM.attributes
                0x0000000000000174       0x2c ./Drivers/STM32G0xx_HAL_Driver/Src/stm32g0xx_hal_gpio.o
 .ARM.attributes
                0x00000000000001a0       0x2c ./Drivers/STM32G0xx_HAL_Driver/Src/stm32g0xx_hal_pwr_ex.o
 .ARM.attributes
                0x00000000000001cc       0x2c ./Drivers/STM32G0xx_HAL_Driver/Src/stm32g0xx_hal_rcc.o
 .ARM.attributes
                0x00000000000001f8       0x2c ./Drivers/STM32G0xx_HAL_Driver/Src/stm32g0xx_hal_rcc_ex.o
 .ARM.attributes
                0x0000000000000224       0x2c ./Drivers/STM32G0xx_HAL_Driver/Src/stm32g0xx_hal_rtc.o
 .ARM.attributes
                0x0000000000000250       0x2c ./Drivers/STM32G0xx_HAL_Driver/Src/stm32g0xx_hal_rtc_ex.o
 .ARM.attributes
                0x000000000000027c       0x2c ./Drivers/STM32G0xx_HAL_Driver/Src/stm32g0xx_hal_uart.o
 .ARM.attributes
                0x00000000000002a8       0x2c c:/st/stm32cubeide_1.12.1/stm32cubeide/plugins/com.st.stm32cube.ide.mcu.externaltools.gnu-tools-for-stm32.10.3-2021.10.win32_1.0.200.202301161003/tools/bin/../lib/gcc/arm-none-eabi/10.3.1/../../../../arm-none-eabi/lib/thumb/v6-m/nofp\libc_nano.a(lib_a-init.o)
 .ARM.attributes
                0x00000000000002d4       0x2c c:/st/stm32cubeide_1.12.1/stm32cubeide/plugins/com.st.stm32cube.ide.mcu.externaltools.gnu-tools-for-stm32.10.3-2021.10.win32_1.0.200.202301161003/tools/bin/../lib/gcc/arm-none-eabi/10.3.1/../../../../arm-none-eabi/lib/thumb/v6-m/nofp\libc_nano.a(lib_a-memset.o)
 .ARM.attributes
                0x0000000000000300       0x1e c:/st/stm32cubeide_1.12.1/stm32cubeide/plugins/com.st.stm32cube.ide.mcu.externaltools.gnu-tools-for-stm32.10.3-2021.10.win32_1.0.200.202301161003/tools/bin/../lib/gcc/arm-none-eabi/10.3.1/thumb/v6-m/nofp\libgcc.a(_udivsi3.o)
 .ARM.attributes
                0x000000000000031e       0x1e c:/st/stm32cubeide_1.12.1/stm32cubeide/plugins/com.st.stm32cube.ide.mcu.externaltools.gnu-tools-for-stm32.10.3-2021.10.win32_1.0.200.202301161003/tools/bin/../lib/gcc/arm-none-eabi/10.3.1/thumb/v6-m/nofp\libgcc.a(_dvmd_tls.o)
 .ARM.attributes
                0x000000000000033c       0x1e c:/st/stm32cubeide_1.12.1/stm32cubeide/plugins/com.st.stm32cube.ide.mcu.externaltools.gnu-tools-for-stm32.10.3-2021.10.win32_1.0.200.202301161003/tools/bin/../lib/gcc/arm-none-eabi/10.3.1/thumb/v6-m/nofp\libgcc.a(_aeabi_uldivmod.o)
 .ARM.attributes
                0x000000000000035a       0x2c c:/st/stm32cubeide_1.12.1/stm32cubeide/plugins/com.st.stm32cube.ide.mcu.externaltools.gnu-tools-for-stm32.10.3-2021.10.win32_1.0.200.202301161003/tools/bin/../lib/gcc/arm-none-eabi/10.3.1/thumb/v6-m/nofp\libgcc.a(_udivmoddi4.o)
 .ARM.attributes
                0x0000000000000386       0x1e c:/st/stm32cubeide_1.12.1/stm32cubeide/plugins/com.st.stm32cube.ide.mcu.externaltools.gnu-tools-for-stm32.10.3-2021.10.win32_1.0.200.202301161003/tools/bin/../lib/gcc/arm-none-eabi/10.3.1/thumb/v6-m/nofp\libgcc.a(_clzdi2.o)
 .ARM.attributes
                0x00000000000003a4       0x1e c:/st/stm32cubeide_1.12.1/stm32cubeide/plugins/com.st.stm32cube.ide.mcu.externaltools.gnu-tools-for-stm32.10.3-2021.10.win32_1.0.200.202301161003/tools/bin/../lib/gcc/arm-none-eabi/10.3.1/thumb/v6-m/nofp\libgcc.a(_clzsi2.o)
 .ARM.attributes
                0x00000000000003c2       0x1e c:/st/stm32cubeide_1.12.1/stm32cubeide/plugins/com.st.stm32cube.ide.mcu.externaltools.gnu-tools-for-stm32.10.3-2021.10.win32_1.0.200.202301161003/tools/bin/../lib/gcc/arm-none-eabi/10.3.1/thumb/v6-m/nofp/crtn.o
OUTPUT(sinking-clock_testing.elf elf32-littlearm)
LOAD linker stubs
LOAD c:/st/stm32cubeide_1.12.1/stm32cubeide/plugins/com.st.stm32cube.ide.mcu.externaltools.gnu-tools-for-stm32.10.3-2021.10.win32_1.0.200.202301161003/tools/bin/../lib/gcc/arm-none-eabi/10.3.1/../../../../arm-none-eabi/lib/thumb/v6-m/nofp\libc.a
LOAD c:/st/stm32cubeide_1.12.1/stm32cubeide/plugins/com.st.stm32cube.ide.mcu.externaltools.gnu-tools-for-stm32.10.3-2021.10.win32_1.0.200.202301161003/tools/bin/../lib/gcc/arm-none-eabi/10.3.1/../../../../arm-none-eabi/lib/thumb/v6-m/nofp\libm.a
LOAD c:/st/stm32cubeide_1.12.1/stm32cubeide/plugins/com.st.stm32cube.ide.mcu.externaltools.gnu-tools-for-stm32.10.3-2021.10.win32_1.0.200.202301161003/tools/bin/../lib/gcc/arm-none-eabi/10.3.1/thumb/v6-m/nofp\libgcc.a

.debug_info     0x0000000000000000     0xcc7d
 .debug_info    0x0000000000000000     0x1542 ./Core/Src/main.o
 .debug_info    0x0000000000001542     0x1037 ./Core/Src/stm32g0xx_hal_msp.o
 .debug_info    0x0000000000002579      0x484 ./Core/Src/stm32g0xx_it.o
 .debug_info    0x00000000000029fd      0x34d ./Core/Src/system_stm32g0xx.o
 .debug_info    0x0000000000002d4a       0x22 ./Core/Startup/startup_stm32g031k8tx.o
 .debug_info    0x0000000000002d6c      0xa94 ./Drivers/STM32G0xx_HAL_Driver/Src/stm32g0xx_hal.o
 .debug_info    0x0000000000003800      0x8fb ./Drivers/STM32G0xx_HAL_Driver/Src/stm32g0xx_hal_cortex.o
 .debug_info    0x00000000000040fb      0x5d7 ./Drivers/STM32G0xx_HAL_Driver/Src/stm32g0xx_hal_gpio.o
 .debug_info    0x00000000000046d2      0x7b9 ./Drivers/STM32G0xx_HAL_Driver/Src/stm32g0xx_hal_pwr_ex.o
 .debug_info    0x0000000000004e8b      0xb63 ./Drivers/STM32G0xx_HAL_Driver/Src/stm32g0xx_hal_rcc.o
 .debug_info    0x00000000000059ee      0x804 ./Drivers/STM32G0xx_HAL_Driver/Src/stm32g0xx_hal_rcc_ex.o
 .debug_info    0x00000000000061f2      0xd40 ./Drivers/STM32G0xx_HAL_Driver/Src/stm32g0xx_hal_rtc.o
 .debug_info    0x0000000000006f32     0x136a ./Drivers/STM32G0xx_HAL_Driver/Src/stm32g0xx_hal_rtc_ex.o
 .debug_info    0x000000000000829c     0x49e1 ./Drivers/STM32G0xx_HAL_Driver/Src/stm32g0xx_hal_uart.o

.debug_abbrev   0x0000000000000000     0x1c81
 .debug_abbrev  0x0000000000000000      0x2e0 ./Core/Src/main.o
 .debug_abbrev  0x00000000000002e0      0x1e3 ./Core/Src/stm32g0xx_hal_msp.o
 .debug_abbrev  0x00000000000004c3      0x168 ./Core/Src/stm32g0xx_it.o
 .debug_abbrev  0x000000000000062b      0x116 ./Core/Src/system_stm32g0xx.o
 .debug_abbrev  0x0000000000000741       0x12 ./Core/Startup/startup_stm32g031k8tx.o
 .debug_abbrev  0x0000000000000753      0x2a9 ./Drivers/STM32G0xx_HAL_Driver/Src/stm32g0xx_hal.o
 .debug_abbrev  0x00000000000009fc      0x29f ./Drivers/STM32G0xx_HAL_Driver/Src/stm32g0xx_hal_cortex.o
 .debug_abbrev  0x0000000000000c9b      0x1b9 ./Drivers/STM32G0xx_HAL_Driver/Src/stm32g0xx_hal_gpio.o
 .debug_abbrev  0x0000000000000e54      0x232 ./Drivers/STM32G0xx_HAL_Driver/Src/stm32g0xx_hal_pwr_ex.o
 .debug_abbrev  0x0000000000001086      0x2a3 ./Drivers/STM32G0xx_HAL_Driver/Src/stm32g0xx_hal_rcc.o
 .debug_abbrev  0x0000000000001329      0x21a ./Drivers/STM32G0xx_HAL_Driver/Src/stm32g0xx_hal_rcc_ex.o
 .debug_abbrev  0x0000000000001543      0x1f7 ./Drivers/STM32G0xx_HAL_Driver/Src/stm32g0xx_hal_rtc.o
 .debug_abbrev  0x000000000000173a      0x237 ./Drivers/STM32G0xx_HAL_Driver/Src/stm32g0xx_hal_rtc_ex.o
 .debug_abbrev  0x0000000000001971      0x310 ./Drivers/STM32G0xx_HAL_Driver/Src/stm32g0xx_hal_uart.o

.debug_aranges  0x0000000000000000      0xa20
 .debug_aranges
                0x0000000000000000       0x60 ./Core/Src/main.o
 .debug_aranges
                0x0000000000000060       0x40 ./Core/Src/stm32g0xx_hal_msp.o
 .debug_aranges
                0x00000000000000a0       0x60 ./Core/Src/stm32g0xx_it.o
 .debug_aranges
                0x0000000000000100       0x28 ./Core/Src/system_stm32g0xx.o
 .debug_aranges
                0x0000000000000128       0x28 ./Core/Startup/startup_stm32g031k8tx.o
 .debug_aranges
                0x0000000000000150      0x128 ./Drivers/STM32G0xx_HAL_Driver/Src/stm32g0xx_hal.o
 .debug_aranges
                0x0000000000000278       0xd8 ./Drivers/STM32G0xx_HAL_Driver/Src/stm32g0xx_hal_cortex.o
 .debug_aranges
                0x0000000000000350       0x60 ./Drivers/STM32G0xx_HAL_Driver/Src/stm32g0xx_hal_gpio.o
 .debug_aranges
                0x00000000000003b0       0xf0 ./Drivers/STM32G0xx_HAL_Driver/Src/stm32g0xx_hal_pwr_ex.o
 .debug_aranges
                0x00000000000004a0       0xa0 ./Drivers/STM32G0xx_HAL_Driver/Src/stm32g0xx_hal_rcc.o
 .debug_aranges
                0x0000000000000540       0x40 ./Drivers/STM32G0xx_HAL_Driver/Src/stm32g0xx_hal_rcc_ex.o
 .debug_aranges
                0x0000000000000580       0xe8 ./Drivers/STM32G0xx_HAL_Driver/Src/stm32g0xx_hal_rtc.o
 .debug_aranges
                0x0000000000000668      0x170 ./Drivers/STM32G0xx_HAL_Driver/Src/stm32g0xx_hal_rtc_ex.o
 .debug_aranges
                0x00000000000007d8      0x248 ./Drivers/STM32G0xx_HAL_Driver/Src/stm32g0xx_hal_uart.o

.debug_ranges   0x0000000000000000      0x978
 .debug_ranges  0x0000000000000000       0x50 ./Core/Src/main.o
 .debug_ranges  0x0000000000000050       0x30 ./Core/Src/stm32g0xx_hal_msp.o
 .debug_ranges  0x0000000000000080       0x50 ./Core/Src/stm32g0xx_it.o
 .debug_ranges  0x00000000000000d0       0x18 ./Core/Src/system_stm32g0xx.o
 .debug_ranges  0x00000000000000e8       0x20 ./Core/Startup/startup_stm32g031k8tx.o
 .debug_ranges  0x0000000000000108      0x118 ./Drivers/STM32G0xx_HAL_Driver/Src/stm32g0xx_hal.o
 .debug_ranges  0x0000000000000220       0xc8 ./Drivers/STM32G0xx_HAL_Driver/Src/stm32g0xx_hal_cortex.o
 .debug_ranges  0x00000000000002e8       0x50 ./Drivers/STM32G0xx_HAL_Driver/Src/stm32g0xx_hal_gpio.o
 .debug_ranges  0x0000000000000338       0xe0 ./Drivers/STM32G0xx_HAL_Driver/Src/stm32g0xx_hal_pwr_ex.o
 .debug_ranges  0x0000000000000418       0x90 ./Drivers/STM32G0xx_HAL_Driver/Src/stm32g0xx_hal_rcc.o
 .debug_ranges  0x00000000000004a8       0x30 ./Drivers/STM32G0xx_HAL_Driver/Src/stm32g0xx_hal_rcc_ex.o
 .debug_ranges  0x00000000000004d8       0xd8 ./Drivers/STM32G0xx_HAL_Driver/Src/stm32g0xx_hal_rtc.o
 .debug_ranges  0x00000000000005b0      0x160 ./Drivers/STM32G0xx_HAL_Driver/Src/stm32g0xx_hal_rtc_ex.o
 .debug_ranges  0x0000000000000710      0x268 ./Drivers/STM32G0xx_HAL_Driver/Src/stm32g0xx_hal_uart.o

.debug_macro    0x0000000000000000    0x16487
 .debug_macro   0x0000000000000000      0x358 ./Core/Src/main.o
 .debug_macro   0x0000000000000358      0xa4e ./Core/Src/main.o
 .debug_macro   0x0000000000000da6      0x11d ./Core/Src/main.o
 .debug_macro   0x0000000000000ec3       0x2e ./Core/Src/main.o
 .debug_macro   0x0000000000000ef1       0x28 ./Core/Src/main.o
 .debug_macro   0x0000000000000f19       0x22 ./Core/Src/main.o
 .debug_macro   0x0000000000000f3b       0x8e ./Core/Src/main.o
 .debug_macro   0x0000000000000fc9       0x51 ./Core/Src/main.o
 .debug_macro   0x000000000000101a      0x103 ./Core/Src/main.o
 .debug_macro   0x000000000000111d       0x6a ./Core/Src/main.o
 .debug_macro   0x0000000000001187      0x1df ./Core/Src/main.o
 .debug_macro   0x0000000000001366       0x1c ./Core/Src/main.o
 .debug_macro   0x0000000000001382       0x22 ./Core/Src/main.o
 .debug_macro   0x00000000000013a4       0xd1 ./Core/Src/main.o
 .debug_macro   0x0000000000001475      0x4da ./Core/Src/main.o
 .debug_macro   0x000000000000194f      0x11f ./Core/Src/main.o
 .debug_macro   0x0000000000001a6e     0xac09 ./Core/Src/main.o
 .debug_macro   0x000000000000c677       0x66 ./Core/Src/main.o
 .debug_macro   0x000000000000c6dd     0x34fd ./Core/Src/main.o
 .debug_macro   0x000000000000fbda      0x174 ./Core/Src/main.o
 .debug_macro   0x000000000000fd4e       0x5c ./Core/Src/main.o
 .debug_macro   0x000000000000fdaa      0x53b ./Core/Src/main.o
 .debug_macro   0x00000000000102e5      0xf23 ./Core/Src/main.o
 .debug_macro   0x0000000000011208      0x1d8 ./Core/Src/main.o
 .debug_macro   0x00000000000113e0      0x1cf ./Core/Src/main.o
 .debug_macro   0x00000000000115af      0x122 ./Core/Src/main.o
 .debug_macro   0x00000000000116d1      0x390 ./Core/Src/main.o
 .debug_macro   0x0000000000011a61      0x202 ./Core/Src/main.o
 .debug_macro   0x0000000000011c63      0x2ff ./Core/Src/main.o
 .debug_macro   0x0000000000011f62      0x1b2 ./Core/Src/main.o
 .debug_macro   0x0000000000012114       0x43 ./Core/Src/main.o
 .debug_macro   0x0000000000012157      0x1f1 ./Core/Src/main.o
 .debug_macro   0x0000000000012348      0x1d6 ./Core/Src/main.o
 .debug_macro   0x000000000001251e      0x38a ./Core/Src/main.o
 .debug_macro   0x00000000000128a8       0x28 ./Core/Src/main.o
 .debug_macro   0x00000000000128d0       0xe4 ./Core/Src/main.o
 .debug_macro   0x00000000000129b4      0x10c ./Core/Src/main.o
 .debug_macro   0x0000000000012ac0      0x240 ./Core/Src/main.o
 .debug_macro   0x0000000000012d00      0x328 ./Core/Src/main.o
 .debug_macro   0x0000000000013028      0x432 ./Core/Src/main.o
 .debug_macro   0x000000000001345a       0xeb ./Core/Src/main.o
 .debug_macro   0x0000000000013545      0x693 ./Core/Src/main.o
 .debug_macro   0x0000000000013bd8       0xa6 ./Core/Src/main.o
 .debug_macro   0x0000000000013c7e      0x49d ./Core/Src/main.o
 .debug_macro   0x000000000001411b      0x112 ./Core/Src/main.o
 .debug_macro   0x000000000001422d       0x52 ./Core/Src/main.o
 .debug_macro   0x000000000001427f       0x18 ./Core/Src/main.o
 .debug_macro   0x0000000000014297       0x3c ./Core/Src/main.o
 .debug_macro   0x00000000000142d3       0x34 ./Core/Src/main.o
 .debug_macro   0x0000000000014307       0x16 ./Core/Src/main.o
 .debug_macro   0x000000000001431d       0x35 ./Core/Src/main.o
 .debug_macro   0x0000000000014352      0x341 ./Core/Src/main.o
 .debug_macro   0x0000000000014693       0x10 ./Core/Src/main.o
 .debug_macro   0x00000000000146a3       0x16 ./Core/Src/main.o
 .debug_macro   0x00000000000146b9       0x43 ./Core/Src/main.o
 .debug_macro   0x00000000000146fc       0x34 ./Core/Src/main.o
 .debug_macro   0x0000000000014730       0x10 ./Core/Src/main.o
 .debug_macro   0x0000000000014740       0x58 ./Core/Src/main.o
 .debug_macro   0x0000000000014798       0x71 ./Core/Src/main.o
 .debug_macro   0x0000000000014809       0x1c ./Core/Src/main.o
 .debug_macro   0x0000000000014825      0x12a ./Core/Src/main.o
 .debug_macro   0x000000000001494f       0x10 ./Core/Src/main.o
 .debug_macro   0x000000000001495f       0x1c ./Core/Src/main.o
 .debug_macro   0x000000000001497b       0x52 ./Core/Src/main.o
 .debug_macro   0x00000000000149cd       0x22 ./Core/Src/main.o
 .debug_macro   0x00000000000149ef       0x10 ./Core/Src/main.o
 .debug_macro   0x00000000000149ff       0x52 ./Core/Src/main.o
 .debug_macro   0x0000000000014a51       0xd5 ./Core/Src/main.o
 .debug_macro   0x0000000000014b26       0x1c ./Core/Src/main.o
 .debug_macro   0x0000000000014b42       0x3d ./Core/Src/main.o
 .debug_macro   0x0000000000014b7f       0x16 ./Core/Src/main.o
 .debug_macro   0x0000000000014b95      0x145 ./Core/Src/main.o
 .debug_macro   0x0000000000014cda      0x1f3 ./Core/Src/stm32g0xx_hal_msp.o
 .debug_macro   0x0000000000014ecd      0x1fd ./Core/Src/stm32g0xx_it.o
 .debug_macro   0x00000000000150ca      0x1e4 ./Core/Src/system_stm32g0xx.o
 .debug_macro   0x00000000000152ae      0x208 ./Drivers/STM32G0xx_HAL_Driver/Src/stm32g0xx_hal.o
 .debug_macro   0x00000000000154b6      0x1e4 ./Drivers/STM32G0xx_HAL_Driver/Src/stm32g0xx_hal_cortex.o
 .debug_macro   0x000000000001569a      0x1eb ./Drivers/STM32G0xx_HAL_Driver/Src/stm32g0xx_hal_gpio.o
 .debug_macro   0x0000000000015885      0x20e ./Drivers/STM32G0xx_HAL_Driver/Src/stm32g0xx_hal_pwr_ex.o
 .debug_macro   0x0000000000015a93      0x220 ./Drivers/STM32G0xx_HAL_Driver/Src/stm32g0xx_hal_rcc.o
 .debug_macro   0x0000000000015cb3      0x1fc ./Drivers/STM32G0xx_HAL_Driver/Src/stm32g0xx_hal_rcc_ex.o
 .debug_macro   0x0000000000015eaf      0x1e5 ./Drivers/STM32G0xx_HAL_Driver/Src/stm32g0xx_hal_rtc.o
 .debug_macro   0x0000000000016094      0x1e4 ./Drivers/STM32G0xx_HAL_Driver/Src/stm32g0xx_hal_rtc_ex.o
 .debug_macro   0x0000000000016278      0x20f ./Drivers/STM32G0xx_HAL_Driver/Src/stm32g0xx_hal_uart.o

.debug_line     0x0000000000000000     0xc38f
 .debug_line    0x0000000000000000      0xb64 ./Core/Src/main.o
 .debug_line    0x0000000000000b64      0x7a4 ./Core/Src/stm32g0xx_hal_msp.o
 .debug_line    0x0000000000001308      0x7cf ./Core/Src/stm32g0xx_it.o
 .debug_line    0x0000000000001ad7      0x779 ./Core/Src/system_stm32g0xx.o
 .debug_line    0x0000000000002250       0x89 ./Core/Startup/startup_stm32g031k8tx.o
 .debug_line    0x00000000000022d9      0xac7 ./Drivers/STM32G0xx_HAL_Driver/Src/stm32g0xx_hal.o
 .debug_line    0x0000000000002da0      0xb30 ./Drivers/STM32G0xx_HAL_Driver/Src/stm32g0xx_hal_cortex.o
 .debug_line    0x00000000000038d0      0xb1c ./Drivers/STM32G0xx_HAL_Driver/Src/stm32g0xx_hal_gpio.o
 .debug_line    0x00000000000043ec      0xa94 ./Drivers/STM32G0xx_HAL_Driver/Src/stm32g0xx_hal_pwr_ex.o
 .debug_line    0x0000000000004e80      0xeda ./Drivers/STM32G0xx_HAL_Driver/Src/stm32g0xx_hal_rcc.o
 .debug_line    0x0000000000005d5a      0xbf9 ./Drivers/STM32G0xx_HAL_Driver/Src/stm32g0xx_hal_rcc_ex.o
 .debug_line    0x0000000000006953     0x1123 ./Drivers/STM32G0xx_HAL_Driver/Src/stm32g0xx_hal_rtc.o
 .debug_line    0x0000000000007a76     0x14fb ./Drivers/STM32G0xx_HAL_Driver/Src/stm32g0xx_hal_rtc_ex.o
 .debug_line    0x0000000000008f71     0x341e ./Drivers/STM32G0xx_HAL_Driver/Src/stm32g0xx_hal_uart.o

.debug_str      0x0000000000000000    0x8ee4f
 .debug_str     0x0000000000000000    0x8c70f ./Core/Src/main.o
                                      0x8ccf7 (size before relaxing)
 .debug_str     0x000000000008c70f      0x1a4 ./Core/Src/stm32g0xx_hal_msp.o
                                      0x88c6c (size before relaxing)
 .debug_str     0x000000000008c8b3      0x101 ./Core/Src/stm32g0xx_it.o
                                      0x8839e (size before relaxing)
 .debug_str     0x000000000008c9b4       0x8e ./Core/Src/system_stm32g0xx.o
                                      0x87cb4 (size before relaxing)
 .debug_str     0x000000000008ca42       0x36 ./Core/Startup/startup_stm32g031k8tx.o
                                         0x70 (size before relaxing)
 .debug_str     0x000000000008ca78      0x57d ./Drivers/STM32G0xx_HAL_Driver/Src/stm32g0xx_hal.o
                                      0x8848a (size before relaxing)
 .debug_str     0x000000000008cff5      0x25f ./Drivers/STM32G0xx_HAL_Driver/Src/stm32g0xx_hal_cortex.o
                                      0x88106 (size before relaxing)
 .debug_str     0x000000000008d254       0xe9 ./Drivers/STM32G0xx_HAL_Driver/Src/stm32g0xx_hal_gpio.o
                                      0x87de9 (size before relaxing)
 .debug_str     0x000000000008d33d      0x38b ./Drivers/STM32G0xx_HAL_Driver/Src/stm32g0xx_hal_pwr_ex.o
                                      0x8812d (size before relaxing)
 .debug_str     0x000000000008d6c8      0x357 ./Drivers/STM32G0xx_HAL_Driver/Src/stm32g0xx_hal_rcc.o
                                      0x882d7 (size before relaxing)
 .debug_str     0x000000000008da1f      0x185 ./Drivers/STM32G0xx_HAL_Driver/Src/stm32g0xx_hal_rcc_ex.o
                                      0x88043 (size before relaxing)
 .debug_str     0x000000000008dba4      0x1e2 ./Drivers/STM32G0xx_HAL_Driver/Src/stm32g0xx_hal_rtc.o
                                      0x88192 (size before relaxing)
 .debug_str     0x000000000008dd86      0x6ca ./Drivers/STM32G0xx_HAL_Driver/Src/stm32g0xx_hal_rtc_ex.o
                                      0x885df (size before relaxing)
 .debug_str     0x000000000008e450      0x9ff ./Drivers/STM32G0xx_HAL_Driver/Src/stm32g0xx_hal_uart.o
                                      0x88c7f (size before relaxing)

.comment        0x0000000000000000       0x50
 .comment       0x0000000000000000       0x50 ./Core/Src/main.o
                                         0x51 (size before relaxing)
 .comment       0x0000000000000050       0x51 ./Core/Src/stm32g0xx_hal_msp.o
 .comment       0x0000000000000050       0x51 ./Core/Src/stm32g0xx_it.o
 .comment       0x0000000000000050       0x51 ./Core/Src/system_stm32g0xx.o
 .comment       0x0000000000000050       0x51 ./Drivers/STM32G0xx_HAL_Driver/Src/stm32g0xx_hal.o
 .comment       0x0000000000000050       0x51 ./Drivers/STM32G0xx_HAL_Driver/Src/stm32g0xx_hal_cortex.o
 .comment       0x0000000000000050       0x51 ./Drivers/STM32G0xx_HAL_Driver/Src/stm32g0xx_hal_gpio.o
 .comment       0x0000000000000050       0x51 ./Drivers/STM32G0xx_HAL_Driver/Src/stm32g0xx_hal_pwr_ex.o
 .comment       0x0000000000000050       0x51 ./Drivers/STM32G0xx_HAL_Driver/Src/stm32g0xx_hal_rcc.o
 .comment       0x0000000000000050       0x51 ./Drivers/STM32G0xx_HAL_Driver/Src/stm32g0xx_hal_rcc_ex.o
 .comment       0x0000000000000050       0x51 ./Drivers/STM32G0xx_HAL_Driver/Src/stm32g0xx_hal_rtc.o
 .comment       0x0000000000000050       0x51 ./Drivers/STM32G0xx_HAL_Driver/Src/stm32g0xx_hal_rtc_ex.o
 .comment       0x0000000000000050       0x51 ./Drivers/STM32G0xx_HAL_Driver/Src/stm32g0xx_hal_uart.o

.debug_frame    0x0000000000000000     0x239c
 .debug_frame   0x0000000000000000      0x124 ./Core/Src/main.o
 .debug_frame   0x0000000000000124       0xb0 ./Core/Src/stm32g0xx_hal_msp.o
 .debug_frame   0x00000000000001d4      0x10c ./Core/Src/stm32g0xx_it.o
 .debug_frame   0x00000000000002e0       0x4c ./Core/Src/system_stm32g0xx.o
 .debug_frame   0x000000000000032c      0x3fc ./Drivers/STM32G0xx_HAL_Driver/Src/stm32g0xx_hal.o
 .debug_frame   0x0000000000000728      0x2fc ./Drivers/STM32G0xx_HAL_Driver/Src/stm32g0xx_hal_cortex.o
 .debug_frame   0x0000000000000a24      0x130 ./Drivers/STM32G0xx_HAL_Driver/Src/stm32g0xx_hal_gpio.o
 .debug_frame   0x0000000000000b54      0x32c ./Drivers/STM32G0xx_HAL_Driver/Src/stm32g0xx_hal_pwr_ex.o
 .debug_frame   0x0000000000000e80      0x214 ./Drivers/STM32G0xx_HAL_Driver/Src/stm32g0xx_hal_rcc.o
 .debug_frame   0x0000000000001094       0xb0 ./Drivers/STM32G0xx_HAL_Driver/Src/stm32g0xx_hal_rcc_ex.o
 .debug_frame   0x0000000000001144      0x360 ./Drivers/STM32G0xx_HAL_Driver/Src/stm32g0xx_hal_rtc.o
 .debug_frame   0x00000000000014a4      0x578 ./Drivers/STM32G0xx_HAL_Driver/Src/stm32g0xx_hal_rtc_ex.o
 .debug_frame   0x0000000000001a1c      0x8d8 ./Drivers/STM32G0xx_HAL_Driver/Src/stm32g0xx_hal_uart.o
 .debug_frame   0x00000000000022f4       0x2c c:/st/stm32cubeide_1.12.1/stm32cubeide/plugins/com.st.stm32cube.ide.mcu.externaltools.gnu-tools-for-stm32.10.3-2021.10.win32_1.0.200.202301161003/tools/bin/../lib/gcc/arm-none-eabi/10.3.1/../../../../arm-none-eabi/lib/thumb/v6-m/nofp\libc_nano.a(lib_a-init.o)
 .debug_frame   0x0000000000002320       0x20 c:/st/stm32cubeide_1.12.1/stm32cubeide/plugins/com.st.stm32cube.ide.mcu.externaltools.gnu-tools-for-stm32.10.3-2021.10.win32_1.0.200.202301161003/tools/bin/../lib/gcc/arm-none-eabi/10.3.1/../../../../arm-none-eabi/lib/thumb/v6-m/nofp\libc_nano.a(lib_a-memset.o)
 .debug_frame   0x0000000000002340       0x20 c:/st/stm32cubeide_1.12.1/stm32cubeide/plugins/com.st.stm32cube.ide.mcu.externaltools.gnu-tools-for-stm32.10.3-2021.10.win32_1.0.200.202301161003/tools/bin/../lib/gcc/arm-none-eabi/10.3.1/thumb/v6-m/nofp\libgcc.a(_udivsi3.o)
 .debug_frame   0x0000000000002360       0x3c c:/st/stm32cubeide_1.12.1/stm32cubeide/plugins/com.st.stm32cube.ide.mcu.externaltools.gnu-tools-for-stm32.10.3-2021.10.win32_1.0.200.202301161003/tools/bin/../lib/gcc/arm-none-eabi/10.3.1/thumb/v6-m/nofp\libgcc.a(_udivmoddi4.o)
