../Core/Src/main.c:123:1:__io_putchar	16	static
../Core/Src/main.c:140:5:main	8	static
../Core/Src/main.c:191:6:SystemClock_Config	88	static
../Core/Src/main.c:233:13:MX_I2C1_Init	8	static
../Core/Src/main.c:281:13:MX_RTC_Init	72	static
../Core/Src/main.c:369:13:MX_USART2_UART_Init	8	static
../Core/Src/main.c:405:13:MX_GPIO_Init	56	static
../Core/Src/main.c:483:6:HAL_GPIO_EXTI_Falling_Callback	16	static,ignoring_inline_asm
../Core/Src/main.c:514:6:HAL_RTC_AlarmAEventCallback	88	static
../Core/Src/main.c:536:13:sevSeg_I2C1_Init	32	static
../Core/Src/main.c:587:6:Error_Handler	8	static,ignoring_inline_asm
