../Core/Src/main.c:137:1:__io_putchar	16	static
../Core/Src/main.c:154:5:main	8	static
../Core/Src/main.c:240:6:SystemClock_Config	88	static
../Core/Src/main.c:282:13:MX_I2C1_Init	8	static
../Core/Src/main.c:330:13:MX_RTC_Init	72	static
../Core/Src/main.c:418:13:MX_USART2_UART_Init	8	static
../Core/Src/main.c:454:13:MX_GPIO_Init	56	static
../Core/Src/main.c:532:6:HAL_GPIO_EXTI_Falling_Callback	16	static,ignoring_inline_asm
../Core/Src/main.c:563:6:HAL_RTC_AlarmAEventCallback	88	static
../Core/Src/main.c:587:13:sevSeg_I2C1_Init	32	static
../Core/Src/main.c:658:6:Error_Handler	8	static,ignoring_inline_asm
