../Core/Src/main.c:181:5:main	72	static
../Core/Src/main.c:272:6:SystemClock_Config	88	static
../Core/Src/main.c:325:13:MX_ADC1_Init	24	static
../Core/Src/main.c:384:13:MX_I2C1_Init	8	static
../Core/Src/main.c:432:13:MX_RTC_Init	72	static
../Core/Src/main.c:527:13:MX_TIM2_Init	48	static
../Core/Src/main.c:576:13:MX_TIM14_Init	8	static
../Core/Src/main.c:607:13:MX_GPIO_Init	56	static
../Core/Src/main.c:680:19:updateAndDisplayTime	16	static
../Core/Src/main.c:691:19:updateAndDisplayAlarm	16	static
../Core/Src/main.c:701:6:HAL_RTC_AlarmAEventCallback	64	static
../Core/Src/main.c:731:6:userAlarmBeep	16	static
../Core/Src/main.c:767:6:HAL_GPIO_EXTI_Falling_Callback	32	static,ignoring_inline_asm
../Core/Src/main.c:817:19:displayButtonISR	16	static
../Core/Src/main.c:837:19:alarmEnableISR	16	static,ignoring_inline_asm
../Core/Src/main.c:866:19:alarmSetISR	16	static
../Core/Src/main.c:966:19:hourSetISR	16	static
../Core/Src/main.c:1000:19:minuteSetISR	16	static
../Core/Src/main.c:1032:6:alarmHourInc	8	static,ignoring_inline_asm
../Core/Src/main.c:1055:6:currHourInc	8	static,ignoring_inline_asm
../Core/Src/main.c:1080:6:alarmMinuteInc	8	static,ignoring_inline_asm
../Core/Src/main.c:1095:6:currMinuteInc	8	static,ignoring_inline_asm
../Core/Src/main.c:1112:6:dispError	72	static
../Core/Src/main.c:1187:6:Error_Handler	8	static,ignoring_inline_asm
