../Core/Src/main.c:207:5:main	72	static,ignoring_inline_asm
../Core/Src/main.c:360:6:SystemClock_Config	88	static
../Core/Src/main.c:416:13:MX_I2C1_Init	8	static
../Core/Src/main.c:464:13:MX_RTC_Init	56	static
../Core/Src/main.c:563:13:MX_TIM2_Init	48	static
../Core/Src/main.c:612:13:MX_TIM14_Init	8	static
../Core/Src/main.c:643:13:MX_TIM16_Init	8	static
../Core/Src/main.c:683:13:MX_GPIO_Init	56	static
../Core/Src/main.c:765:19:updateAndDisplayTime	16	static
../Core/Src/main.c:781:19:updateAndDisplayAlarm	16	static
../Core/Src/main.c:798:6:HAL_RTC_AlarmAEventCallback	64	static
../Core/Src/main.c:833:6:userAlarmBeep	16	static
../Core/Src/main.c:918:6:HAL_GPIO_EXTI_Falling_Callback	32	static,ignoring_inline_asm
../Core/Src/main.c:974:6:HAL_TIM_PeriodElapsedCallback	16	static
../Core/Src/main.c:987:19:displayButtonISR	16	static
../Core/Src/main.c:1010:19:alarmEnableISR	16	static,ignoring_inline_asm
../Core/Src/main.c:1043:19:alarmSetISR	16	static
../Core/Src/main.c:1128:19:hourSetISR	16	static
../Core/Src/main.c:1160:19:minuteSetISR	56	static
../Core/Src/main.c:1207:6:alarmHourInc	8	static,ignoring_inline_asm
../Core/Src/main.c:1236:6:currHourInc	8	static,ignoring_inline_asm
../Core/Src/main.c:1268:6:alarmMinuteInc	8	static,ignoring_inline_asm
../Core/Src/main.c:1293:6:currMinuteInc	8	static,ignoring_inline_asm
../Core/Src/main.c:1323:6:dispFault	8	static
../Core/Src/main.c:1330:6:dispFailure	16	static
../Core/Src/main.c:1360:6:updateRTCBackupReg	8	static
../Core/Src/main.c:1374:6:Error_Handler	8	static,ignoring_inline_asm
