../Core/Src/main.c:181:5:main	72	static
../Core/Src/main.c:276:6:SystemClock_Config	88	static
../Core/Src/main.c:329:13:MX_ADC1_Init	24	static
../Core/Src/main.c:388:13:MX_I2C1_Init	8	static
../Core/Src/main.c:436:13:MX_RTC_Init	72	static
../Core/Src/main.c:531:13:MX_TIM2_Init	48	static
../Core/Src/main.c:580:13:MX_TIM14_Init	8	static
../Core/Src/main.c:611:13:MX_GPIO_Init	56	static
../Core/Src/main.c:684:19:updateAndDisplayTime	16	static
../Core/Src/main.c:695:19:updateAndDisplayAlarm	16	static
../Core/Src/main.c:705:6:HAL_RTC_AlarmAEventCallback	64	static
../Core/Src/main.c:735:6:userAlarmBeep	24	static
../Core/Src/main.c:775:6:HAL_GPIO_EXTI_Falling_Callback	32	static,ignoring_inline_asm
../Core/Src/main.c:825:19:displayButtonISR	16	static
../Core/Src/main.c:845:19:alarmEnableISR	16	static,ignoring_inline_asm
../Core/Src/main.c:874:19:alarmSetISR	16	static
../Core/Src/main.c:974:19:hourSetISR	16	static
../Core/Src/main.c:1008:19:minuteSetISR	16	static
../Core/Src/main.c:1040:6:alarmHourInc	8	static,ignoring_inline_asm
../Core/Src/main.c:1063:6:currHourInc	8	static,ignoring_inline_asm
../Core/Src/main.c:1088:6:alarmMinuteInc	8	static,ignoring_inline_asm
../Core/Src/main.c:1103:6:currMinuteInc	8	static,ignoring_inline_asm
../Core/Src/main.c:1120:6:dispError	16	static
../Core/Src/main.c:1153:6:Error_Handler	8	static,ignoring_inline_asm
