../Core/Src/main.c:175:5:main	72	static
../Core/Src/main.c:295:6:SystemClock_Config	88	static
../Core/Src/main.c:351:13:MX_I2C1_Init	8	static
../Core/Src/main.c:399:13:MX_RTC_Init	72	static
../Core/Src/main.c:499:13:MX_TIM2_Init	48	static
../Core/Src/main.c:548:13:MX_TIM14_Init	8	static
../Core/Src/main.c:579:13:MX_GPIO_Init	56	static
../Core/Src/main.c:658:19:updateAndDisplayTime	16	static
../Core/Src/main.c:669:19:updateAndDisplayAlarm	16	static
../Core/Src/main.c:679:6:HAL_RTC_AlarmAEventCallback	64	static
../Core/Src/main.c:710:6:userAlarmBeep	24	static
../Core/Src/main.c:749:6:HAL_GPIO_EXTI_Falling_Callback	32	static,ignoring_inline_asm
../Core/Src/main.c:799:19:displayButtonISR	16	static
../Core/Src/main.c:819:19:alarmEnableISR	16	static,ignoring_inline_asm
../Core/Src/main.c:848:19:alarmSetISR	16	static
../Core/Src/main.c:948:19:hourSetISR	16	static
../Core/Src/main.c:980:19:minuteSetISR	56	static
../Core/Src/main.c:1026:6:alarmHourInc	8	static,ignoring_inline_asm
../Core/Src/main.c:1052:6:currHourInc	8	static,ignoring_inline_asm
../Core/Src/main.c:1081:6:alarmMinuteInc	8	static,ignoring_inline_asm
../Core/Src/main.c:1099:6:currMinuteInc	8	static,ignoring_inline_asm
../Core/Src/main.c:1122:6:dispError	16	static
../Core/Src/main.c:1149:6:updateRTCBackupReg	8	static
../Core/Src/main.c:1162:6:Error_Handler	8	static,ignoring_inline_asm
