../Core/Src/main.c:219:5:main	72	static,ignoring_inline_asm
../Core/Src/main.c:373:6:SystemClock_Config	88	static
../Core/Src/main.c:429:13:MX_I2C1_Init	8	static
../Core/Src/main.c:477:13:MX_RTC_Init	56	static
../Core/Src/main.c:576:13:MX_TIM2_Init	48	static
../Core/Src/main.c:625:13:MX_TIM14_Init	8	static
../Core/Src/main.c:656:13:MX_TIM16_Init	8	static
../Core/Src/main.c:700:13:MX_GPIO_Init	56	static
../Core/Src/main.c:782:19:updateAndDisplayTime	16	static
../Core/Src/main.c:798:19:updateAndDisplayAlarm	16	static
../Core/Src/main.c:815:6:HAL_RTC_AlarmAEventCallback	64	static,ignoring_inline_asm
../Core/Src/main.c:854:6:userAlarmBeep	16	static
../Core/Src/main.c:956:6:HAL_GPIO_EXTI_Falling_Callback	32	static,ignoring_inline_asm
../Core/Src/main.c:1012:6:HAL_TIM_PeriodElapsedCallback	16	static
../Core/Src/main.c:1027:19:displayButtonISR	16	static
../Core/Src/main.c:1050:19:alarmEnableISR	16	static,ignoring_inline_asm
../Core/Src/main.c:1085:19:alarmSetISR	16	static
../Core/Src/main.c:1192:19:hourSetISR	16	static
../Core/Src/main.c:1224:19:minuteSetISR	56	static
../Core/Src/main.c:1271:6:alarmHourInc	8	static,ignoring_inline_asm
../Core/Src/main.c:1300:6:currHourInc	8	static,ignoring_inline_asm
../Core/Src/main.c:1332:6:alarmMinuteInc	8	static,ignoring_inline_asm
../Core/Src/main.c:1357:6:currMinuteInc	8	static,ignoring_inline_asm
../Core/Src/main.c:1387:6:dispFault	8	static
../Core/Src/main.c:1394:6:dispFailure	16	static
../Core/Src/main.c:1424:6:updateRTCBackupReg	8	static
../Core/Src/main.c:1438:6:Error_Handler	8	static,ignoring_inline_asm
