../Core/Src/main.c:181:5:main	72	static
../Core/Src/main.c:278:6:SystemClock_Config	88	static
../Core/Src/main.c:331:13:MX_ADC1_Init	24	static
../Core/Src/main.c:390:13:MX_I2C1_Init	8	static
../Core/Src/main.c:438:13:MX_RTC_Init	72	static
../Core/Src/main.c:533:13:MX_TIM2_Init	48	static
../Core/Src/main.c:582:13:MX_TIM14_Init	8	static
../Core/Src/main.c:613:13:MX_GPIO_Init	56	static
../Core/Src/main.c:686:19:updateAndDisplayTime	16	static
../Core/Src/main.c:697:19:updateAndDisplayAlarm	16	static
../Core/Src/main.c:707:6:HAL_RTC_AlarmAEventCallback	64	static
../Core/Src/main.c:737:6:userAlarmBeep	24	static
../Core/Src/main.c:777:6:HAL_GPIO_EXTI_Falling_Callback	32	static,ignoring_inline_asm
../Core/Src/main.c:827:19:displayButtonISR	16	static
../Core/Src/main.c:847:19:alarmEnableISR	16	static,ignoring_inline_asm
../Core/Src/main.c:876:19:alarmSetISR	16	static
../Core/Src/main.c:976:19:hourSetISR	16	static
../Core/Src/main.c:1010:19:minuteSetISR	16	static
../Core/Src/main.c:1042:6:alarmHourInc	8	static,ignoring_inline_asm
../Core/Src/main.c:1065:6:currHourInc	8	static,ignoring_inline_asm
../Core/Src/main.c:1090:6:alarmMinuteInc	8	static,ignoring_inline_asm
../Core/Src/main.c:1105:6:currMinuteInc	8	static,ignoring_inline_asm
../Core/Src/main.c:1122:6:dispError	16	static
../Core/Src/main.c:1155:6:Error_Handler	8	static,ignoring_inline_asm
