../Core/Src/main.c:170:5:main	72	static
../Core/Src/main.c:290:6:SystemClock_Config	88	static
../Core/Src/main.c:346:13:MX_I2C1_Init	8	static
../Core/Src/main.c:394:13:MX_RTC_Init	72	static
../Core/Src/main.c:493:13:MX_TIM2_Init	48	static
../Core/Src/main.c:542:13:MX_TIM14_Init	8	static
../Core/Src/main.c:573:13:MX_GPIO_Init	56	static
../Core/Src/main.c:652:19:updateAndDisplayTime	16	static
../Core/Src/main.c:663:19:updateAndDisplayAlarm	16	static
../Core/Src/main.c:673:6:HAL_RTC_AlarmAEventCallback	64	static
../Core/Src/main.c:704:6:userAlarmBeep	24	static
../Core/Src/main.c:743:6:HAL_GPIO_EXTI_Falling_Callback	32	static,ignoring_inline_asm
../Core/Src/main.c:793:19:displayButtonISR	16	static
../Core/Src/main.c:813:19:alarmEnableISR	16	static,ignoring_inline_asm
../Core/Src/main.c:842:19:alarmSetISR	16	static
../Core/Src/main.c:942:19:hourSetISR	16	static
../Core/Src/main.c:974:19:minuteSetISR	56	static
../Core/Src/main.c:1020:6:alarmHourInc	8	static,ignoring_inline_asm
../Core/Src/main.c:1043:6:currHourInc	8	static,ignoring_inline_asm
../Core/Src/main.c:1072:6:alarmMinuteInc	8	static,ignoring_inline_asm
../Core/Src/main.c:1087:6:currMinuteInc	8	static,ignoring_inline_asm
../Core/Src/main.c:1110:6:dispError	16	static
../Core/Src/main.c:1143:6:Error_Handler	8	static,ignoring_inline_asm
