../Core/Src/main.c:171:5:main	64	static
../Core/Src/main.c:256:6:SystemClock_Config	88	static
../Core/Src/main.c:309:13:MX_ADC1_Init	24	static
../Core/Src/main.c:368:13:MX_I2C1_Init	8	static
../Core/Src/main.c:416:13:MX_RTC_Init	72	static
../Core/Src/main.c:511:13:MX_TIM2_Init	48	static
../Core/Src/main.c:560:13:MX_TIM14_Init	8	static
../Core/Src/main.c:591:13:MX_GPIO_Init	56	static
../Core/Src/main.c:664:19:updateAndDisplayTime	16	static
../Core/Src/main.c:675:19:updateAndDisplayAlarm	16	static
../Core/Src/main.c:685:6:HAL_RTC_AlarmAEventCallback	56	static
../Core/Src/main.c:712:6:userAlarmBeep	16	static
../Core/Src/main.c:748:6:HAL_GPIO_EXTI_Falling_Callback	32	static,ignoring_inline_asm
../Core/Src/main.c:798:19:displayButtonISR	16	static
../Core/Src/main.c:818:19:alarmEnableISR	16	static,ignoring_inline_asm
../Core/Src/main.c:847:19:alarmSetISR	16	static
../Core/Src/main.c:947:19:hourSetISR	16	static
../Core/Src/main.c:981:19:minuteSetISR	16	static
../Core/Src/main.c:1013:6:alarmHourInc	8	static,ignoring_inline_asm
../Core/Src/main.c:1036:6:currHourInc	8	static,ignoring_inline_asm
../Core/Src/main.c:1061:6:alarmMinuteInc	8	static,ignoring_inline_asm
../Core/Src/main.c:1076:6:currMinuteInc	8	static,ignoring_inline_asm
../Core/Src/main.c:1099:6:Error_Handler	8	static,ignoring_inline_asm
