../Core/Src/main.c:175:5:main	72	static
../Core/Src/main.c:295:6:SystemClock_Config	88	static
../Core/Src/main.c:351:13:MX_I2C1_Init	8	static
../Core/Src/main.c:399:13:MX_RTC_Init	72	static
../Core/Src/main.c:498:13:MX_TIM2_Init	48	static
../Core/Src/main.c:547:13:MX_TIM14_Init	8	static
../Core/Src/main.c:578:13:MX_GPIO_Init	56	static
../Core/Src/main.c:657:19:updateAndDisplayTime	16	static
../Core/Src/main.c:668:19:updateAndDisplayAlarm	16	static
../Core/Src/main.c:678:6:HAL_RTC_AlarmAEventCallback	64	static
../Core/Src/main.c:709:6:userAlarmBeep	24	static
../Core/Src/main.c:748:6:HAL_GPIO_EXTI_Falling_Callback	32	static,ignoring_inline_asm
../Core/Src/main.c:798:19:displayButtonISR	16	static
../Core/Src/main.c:818:19:alarmEnableISR	16	static,ignoring_inline_asm
../Core/Src/main.c:847:19:alarmSetISR	16	static
../Core/Src/main.c:947:19:hourSetISR	16	static
../Core/Src/main.c:979:19:minuteSetISR	56	static
../Core/Src/main.c:1025:6:alarmHourInc	8	static,ignoring_inline_asm
../Core/Src/main.c:1051:6:currHourInc	8	static,ignoring_inline_asm
../Core/Src/main.c:1080:6:alarmMinuteInc	8	static,ignoring_inline_asm
../Core/Src/main.c:1098:6:currMinuteInc	8	static,ignoring_inline_asm
../Core/Src/main.c:1121:6:dispError	16	static
../Core/Src/main.c:1148:6:updateRTCBackupReg	8	static
../Core/Src/main.c:1161:6:Error_Handler	8	static,ignoring_inline_asm
