../Core/Src/main.c:154:5:main	48	static
../Core/Src/main.c:226:6:SystemClock_Config	88	static
../Core/Src/main.c:279:13:MX_ADC1_Init	24	static
../Core/Src/main.c:338:13:MX_I2C1_Init	8	static
../Core/Src/main.c:386:13:MX_RTC_Init	72	static
../Core/Src/main.c:479:13:MX_TIM2_Init	48	static
../Core/Src/main.c:528:13:MX_TIM14_Init	8	static
../Core/Src/main.c:559:13:MX_GPIO_Init	56	static
../Core/Src/main.c:632:19:updateAndDisplayTime	16	static
../Core/Src/main.c:643:19:updateAndDisplayAlarm	16	static
../Core/Src/main.c:653:6:HAL_RTC_AlarmAEventCallback	56	static
../Core/Src/main.c:680:6:userAlarmBeep	16	static
../Core/Src/main.c:716:6:HAL_GPIO_EXTI_Falling_Callback	32	static,ignoring_inline_asm
../Core/Src/main.c:766:19:displayButtonISR	16	static
../Core/Src/main.c:786:19:alarmEnableISR	16	static,ignoring_inline_asm
../Core/Src/main.c:815:19:alarmSetISR	16	static
../Core/Src/main.c:855:19:hourSetISR	16	static,ignoring_inline_asm
../Core/Src/main.c:912:19:minuteSetISR	16	static,ignoring_inline_asm
../Core/Src/main.c:990:6:Error_Handler	8	static,ignoring_inline_asm
