../Core/Src/main.c:176:5:main	64	static
../Core/Src/main.c:260:6:SystemClock_Config	88	static
../Core/Src/main.c:313:13:MX_ADC1_Init	24	static
../Core/Src/main.c:372:13:MX_I2C1_Init	8	static
../Core/Src/main.c:420:13:MX_RTC_Init	72	static
../Core/Src/main.c:515:13:MX_TIM2_Init	48	static
../Core/Src/main.c:564:13:MX_TIM14_Init	8	static
../Core/Src/main.c:595:13:MX_GPIO_Init	56	static
../Core/Src/main.c:668:19:updateAndDisplayTime	16	static
../Core/Src/main.c:679:19:updateAndDisplayAlarm	16	static
../Core/Src/main.c:689:6:HAL_RTC_AlarmAEventCallback	56	static
../Core/Src/main.c:718:6:userAlarmBeep	16	static
../Core/Src/main.c:754:6:HAL_GPIO_EXTI_Falling_Callback	32	static,ignoring_inline_asm
../Core/Src/main.c:804:19:displayButtonISR	16	static
../Core/Src/main.c:824:19:alarmEnableISR	16	static,ignoring_inline_asm
../Core/Src/main.c:853:19:alarmSetISR	16	static
../Core/Src/main.c:953:19:hourSetISR	16	static
../Core/Src/main.c:987:19:minuteSetISR	16	static
../Core/Src/main.c:1019:6:alarmHourInc	8	static,ignoring_inline_asm
../Core/Src/main.c:1042:6:currHourInc	8	static,ignoring_inline_asm
../Core/Src/main.c:1067:6:alarmMinuteInc	8	static,ignoring_inline_asm
../Core/Src/main.c:1082:6:currMinuteInc	8	static,ignoring_inline_asm
../Core/Src/main.c:1105:6:Error_Handler	8	static,ignoring_inline_asm
