../Core/Src/main.c:188:5:main	72	static
../Core/Src/main.c:308:6:SystemClock_Config	88	static
../Core/Src/main.c:364:13:MX_I2C1_Init	8	static
../Core/Src/main.c:412:13:MX_RTC_Init	56	static
../Core/Src/main.c:511:13:MX_TIM2_Init	48	static
../Core/Src/main.c:560:13:MX_TIM14_Init	8	static
../Core/Src/main.c:591:13:MX_TIM16_Init	8	static
../Core/Src/main.c:623:13:MX_GPIO_Init	56	static
../Core/Src/main.c:702:19:updateAndDisplayTime	16	static
../Core/Src/main.c:713:19:updateAndDisplayAlarm	16	static
../Core/Src/main.c:723:6:HAL_RTC_AlarmAEventCallback	64	static
../Core/Src/main.c:754:6:userAlarmBeep	24	static
../Core/Src/main.c:818:6:HAL_GPIO_EXTI_Falling_Callback	32	static,ignoring_inline_asm
../Core/Src/main.c:868:6:HAL_TIM_PeriodElapsedCallback	16	static
../Core/Src/main.c:880:19:displayButtonISR	16	static
../Core/Src/main.c:900:19:alarmEnableISR	16	static,ignoring_inline_asm
../Core/Src/main.c:932:19:alarmSetISR	16	static
../Core/Src/main.c:1030:19:hourSetISR	16	static
../Core/Src/main.c:1059:19:minuteSetISR	56	static
../Core/Src/main.c:1105:6:alarmHourInc	8	static,ignoring_inline_asm
../Core/Src/main.c:1131:6:currHourInc	8	static,ignoring_inline_asm
../Core/Src/main.c:1160:6:alarmMinuteInc	8	static,ignoring_inline_asm
../Core/Src/main.c:1178:6:currMinuteInc	8	static,ignoring_inline_asm
../Core/Src/main.c:1201:6:dispError	16	static
../Core/Src/main.c:1228:6:updateRTCBackupReg	8	static
../Core/Src/main.c:1241:6:Error_Handler	8	static,ignoring_inline_asm
