../Core/Src/main.c:170:5:main	56	static
../Core/Src/main.c:241:6:SystemClock_Config	88	static
../Core/Src/main.c:294:13:MX_ADC1_Init	24	static
../Core/Src/main.c:353:13:MX_I2C1_Init	8	static
../Core/Src/main.c:401:13:MX_RTC_Init	72	static
../Core/Src/main.c:496:13:MX_TIM2_Init	48	static
../Core/Src/main.c:545:13:MX_TIM14_Init	8	static
../Core/Src/main.c:576:13:MX_GPIO_Init	56	static
../Core/Src/main.c:649:19:updateAndDisplayTime	16	static
../Core/Src/main.c:660:19:updateAndDisplayAlarm	16	static
../Core/Src/main.c:670:6:HAL_RTC_AlarmAEventCallback	56	static
../Core/Src/main.c:697:6:userAlarmBeep	16	static
../Core/Src/main.c:733:6:HAL_GPIO_EXTI_Falling_Callback	32	static,ignoring_inline_asm
../Core/Src/main.c:783:19:displayButtonISR	16	static
../Core/Src/main.c:803:19:alarmEnableISR	16	static,ignoring_inline_asm
../Core/Src/main.c:832:19:alarmSetISR	16	static
../Core/Src/main.c:932:19:hourSetISR	16	static
../Core/Src/main.c:966:19:minuteSetISR	16	static
../Core/Src/main.c:998:6:alarmHourInc	8	static,ignoring_inline_asm
../Core/Src/main.c:1021:6:currHourInc	8	static,ignoring_inline_asm
../Core/Src/main.c:1046:6:alarmMinuteInc	8	static,ignoring_inline_asm
../Core/Src/main.c:1061:6:currMinuteInc	8	static,ignoring_inline_asm
../Core/Src/main.c:1084:6:Error_Handler	8	static,ignoring_inline_asm
