../Core/Src/main.c:218:5:main	72	static,ignoring_inline_asm
../Core/Src/main.c:370:6:SystemClock_Config	88	static
../Core/Src/main.c:426:13:MX_I2C1_Init	8	static
../Core/Src/main.c:474:13:MX_RTC_Init	56	static
../Core/Src/main.c:573:13:MX_TIM2_Init	48	static
../Core/Src/main.c:622:13:MX_TIM14_Init	8	static
../Core/Src/main.c:653:13:MX_TIM16_Init	8	static
../Core/Src/main.c:693:13:MX_GPIO_Init	56	static
../Core/Src/main.c:775:19:updateAndDisplayTime	16	static
../Core/Src/main.c:791:19:updateAndDisplayAlarm	16	static
../Core/Src/main.c:808:6:HAL_RTC_AlarmAEventCallback	64	static
../Core/Src/main.c:843:6:userAlarmBeep	16	static
../Core/Src/main.c:930:6:HAL_GPIO_EXTI_Falling_Callback	32	static,ignoring_inline_asm
../Core/Src/main.c:986:6:HAL_TIM_PeriodElapsedCallback	16	static
../Core/Src/main.c:999:19:displayButtonISR	16	static
../Core/Src/main.c:1022:19:alarmEnableISR	16	static,ignoring_inline_asm
../Core/Src/main.c:1055:19:alarmSetISR	16	static
../Core/Src/main.c:1140:19:hourSetISR	16	static
../Core/Src/main.c:1172:19:minuteSetISR	56	static
../Core/Src/main.c:1219:6:alarmHourInc	8	static,ignoring_inline_asm
../Core/Src/main.c:1248:6:currHourInc	8	static,ignoring_inline_asm
../Core/Src/main.c:1280:6:alarmMinuteInc	8	static,ignoring_inline_asm
../Core/Src/main.c:1305:6:currMinuteInc	8	static,ignoring_inline_asm
../Core/Src/main.c:1335:6:dispFault	8	static
../Core/Src/main.c:1342:6:dispFailure	16	static
../Core/Src/main.c:1372:6:updateRTCBackupReg	8	static
../Core/Src/main.c:1386:6:Error_Handler	8	static,ignoring_inline_asm
