../Core/Src/main.c:179:5:main	72	static
../Core/Src/main.c:303:6:SystemClock_Config	88	static
../Core/Src/main.c:359:13:MX_I2C1_Init	8	static
../Core/Src/main.c:407:13:MX_RTC_Init	56	static
../Core/Src/main.c:506:13:MX_TIM2_Init	48	static
../Core/Src/main.c:555:13:MX_TIM14_Init	8	static
../Core/Src/main.c:586:13:MX_TIM16_Init	8	static
../Core/Src/main.c:618:13:MX_GPIO_Init	56	static
../Core/Src/main.c:697:19:updateAndDisplayTime	16	static
../Core/Src/main.c:708:19:updateAndDisplayAlarm	16	static
../Core/Src/main.c:718:6:HAL_RTC_AlarmAEventCallback	64	static
../Core/Src/main.c:749:6:userAlarmBeep	24	static
../Core/Src/main.c:788:6:HAL_GPIO_EXTI_Falling_Callback	32	static,ignoring_inline_asm
../Core/Src/main.c:838:6:HAL_TIM_PeriodElapsedCallback	16	static
../Core/Src/main.c:848:19:displayButtonISR	16	static
../Core/Src/main.c:868:19:alarmEnableISR	16	static,ignoring_inline_asm
../Core/Src/main.c:897:19:alarmSetISR	16	static
../Core/Src/main.c:995:19:hourSetISR	16	static
../Core/Src/main.c:1024:19:minuteSetISR	56	static
../Core/Src/main.c:1070:6:alarmHourInc	8	static,ignoring_inline_asm
../Core/Src/main.c:1096:6:currHourInc	8	static,ignoring_inline_asm
../Core/Src/main.c:1125:6:alarmMinuteInc	8	static,ignoring_inline_asm
../Core/Src/main.c:1143:6:currMinuteInc	8	static,ignoring_inline_asm
../Core/Src/main.c:1166:6:dispError	16	static
../Core/Src/main.c:1193:6:updateRTCBackupReg	8	static
../Core/Src/main.c:1206:6:Error_Handler	8	static,ignoring_inline_asm
