../Core/Src/main.c:190:5:main	72	static
../Core/Src/main.c:310:6:SystemClock_Config	88	static
../Core/Src/main.c:366:13:MX_I2C1_Init	8	static
../Core/Src/main.c:414:13:MX_RTC_Init	56	static
../Core/Src/main.c:513:13:MX_TIM2_Init	48	static
../Core/Src/main.c:562:13:MX_TIM14_Init	8	static
../Core/Src/main.c:593:13:MX_TIM16_Init	8	static
../Core/Src/main.c:633:13:MX_GPIO_Init	56	static
../Core/Src/main.c:712:19:updateAndDisplayTime	16	static
../Core/Src/main.c:723:19:updateAndDisplayAlarm	16	static
../Core/Src/main.c:733:6:HAL_RTC_AlarmAEventCallback	64	static
../Core/Src/main.c:764:6:userAlarmBeep	24	static
../Core/Src/main.c:841:6:HAL_GPIO_EXTI_Falling_Callback	32	static,ignoring_inline_asm
../Core/Src/main.c:891:6:HAL_TIM_PeriodElapsedCallback	16	static
../Core/Src/main.c:903:19:displayButtonISR	16	static
../Core/Src/main.c:923:19:alarmEnableISR	16	static,ignoring_inline_asm
../Core/Src/main.c:955:19:alarmSetISR	16	static
../Core/Src/main.c:1086:19:hourSetISR	16	static
../Core/Src/main.c:1115:19:minuteSetISR	56	static
../Core/Src/main.c:1161:6:alarmHourInc	8	static,ignoring_inline_asm
../Core/Src/main.c:1187:6:currHourInc	8	static,ignoring_inline_asm
../Core/Src/main.c:1216:6:alarmMinuteInc	8	static,ignoring_inline_asm
../Core/Src/main.c:1238:6:currMinuteInc	8	static,ignoring_inline_asm
../Core/Src/main.c:1266:6:dispError	16	static
../Core/Src/main.c:1294:6:updateRTCBackupReg	8	static
../Core/Src/main.c:1308:6:Error_Handler	8	static,ignoring_inline_asm
