../Core/Src/main.c:170:5:main	72	static
../Core/Src/main.c:272:6:SystemClock_Config	88	static
../Core/Src/main.c:328:13:MX_I2C1_Init	8	static
../Core/Src/main.c:376:13:MX_RTC_Init	72	static
../Core/Src/main.c:471:13:MX_TIM2_Init	48	static
../Core/Src/main.c:520:13:MX_TIM14_Init	8	static
../Core/Src/main.c:551:13:MX_GPIO_Init	56	static
../Core/Src/main.c:630:19:updateAndDisplayTime	16	static
../Core/Src/main.c:641:19:updateAndDisplayAlarm	16	static
../Core/Src/main.c:651:6:HAL_RTC_AlarmAEventCallback	64	static
../Core/Src/main.c:682:6:userAlarmBeep	24	static
../Core/Src/main.c:722:6:HAL_GPIO_EXTI_Falling_Callback	32	static,ignoring_inline_asm
../Core/Src/main.c:772:19:displayButtonISR	16	static
../Core/Src/main.c:792:19:alarmEnableISR	16	static,ignoring_inline_asm
../Core/Src/main.c:821:19:alarmSetISR	16	static
../Core/Src/main.c:921:19:hourSetISR	16	static
../Core/Src/main.c:956:19:minuteSetISR	56	static
../Core/Src/main.c:1005:6:alarmHourInc	8	static,ignoring_inline_asm
../Core/Src/main.c:1028:6:currHourInc	8	static,ignoring_inline_asm
../Core/Src/main.c:1057:6:alarmMinuteInc	8	static,ignoring_inline_asm
../Core/Src/main.c:1072:6:currMinuteInc	8	static,ignoring_inline_asm
../Core/Src/main.c:1095:6:dispError	16	static
../Core/Src/main.c:1128:6:Error_Handler	8	static,ignoring_inline_asm
