../Core/Src/main.c:245:5:main	72	static,ignoring_inline_asm
../Core/Src/main.c:404:6:SystemClock_Config	88	static
../Core/Src/main.c:460:13:MX_I2C1_Init	8	static
../Core/Src/main.c:508:13:MX_RTC_Init	56	static
../Core/Src/main.c:606:13:MX_TIM1_Init	104	static
../Core/Src/main.c:678:13:MX_TIM2_Init	48	static
../Core/Src/main.c:727:13:MX_TIM14_Init	8	static
../Core/Src/main.c:758:13:MX_TIM16_Init	8	static
../Core/Src/main.c:802:13:MX_TIM17_Init	8	static
../Core/Src/main.c:834:13:MX_GPIO_Init	56	static
../Core/Src/main.c:916:19:updateAndDisplayTime	16	static
../Core/Src/main.c:932:19:updateAndDisplayAlarm	16	static
../Core/Src/main.c:949:6:HAL_RTC_AlarmAEventCallback	64	static,ignoring_inline_asm
../Core/Src/main.c:989:6:userAlarmBeep	16	static
../Core/Src/main.c:1104:6:HAL_GPIO_EXTI_Falling_Callback	32	static,ignoring_inline_asm
../Core/Src/main.c:1160:6:HAL_TIM_PeriodElapsedCallback	16	static
../Core/Src/main.c:1203:19:displayButtonISR	16	static,ignoring_inline_asm
../Core/Src/main.c:1244:19:alarmEnableISR	16	static
../Core/Src/main.c:1271:19:alarmSetISR	16	static
../Core/Src/main.c:1383:19:hourSetISR	16	static
../Core/Src/main.c:1415:19:minuteSetISR	56	static
../Core/Src/main.c:1463:6:alarmHourInc	8	static,ignoring_inline_asm
../Core/Src/main.c:1492:6:currHourInc	8	static,ignoring_inline_asm
../Core/Src/main.c:1524:6:alarmMinuteInc	8	static,ignoring_inline_asm
../Core/Src/main.c:1549:6:currMinuteInc	8	static,ignoring_inline_asm
../Core/Src/main.c:1579:6:dispFault	8	static
../Core/Src/main.c:1586:6:dispFailure	16	static
../Core/Src/main.c:1616:6:updateRTCBackupReg	8	static
../Core/Src/main.c:1630:6:Error_Handler	8	static,ignoring_inline_asm
