../Core/Src/main.c:218:5:main	72	static,ignoring_inline_asm
../Core/Src/main.c:373:6:SystemClock_Config	88	static
../Core/Src/main.c:429:13:MX_I2C1_Init	8	static
../Core/Src/main.c:477:13:MX_RTC_Init	56	static
../Core/Src/main.c:576:13:MX_TIM2_Init	48	static
../Core/Src/main.c:625:13:MX_TIM14_Init	8	static
../Core/Src/main.c:656:13:MX_TIM16_Init	8	static
../Core/Src/main.c:700:13:MX_GPIO_Init	56	static
../Core/Src/main.c:782:19:updateAndDisplayTime	16	static
../Core/Src/main.c:798:19:updateAndDisplayAlarm	16	static
../Core/Src/main.c:815:6:HAL_RTC_AlarmAEventCallback	64	static,ignoring_inline_asm
../Core/Src/main.c:855:6:userAlarmBeep	16	static
../Core/Src/main.c:958:6:HAL_GPIO_EXTI_Falling_Callback	32	static,ignoring_inline_asm
../Core/Src/main.c:1014:6:HAL_TIM_PeriodElapsedCallback	16	static
../Core/Src/main.c:1029:19:displayButtonISR	16	static
../Core/Src/main.c:1052:19:alarmEnableISR	16	static,ignoring_inline_asm
../Core/Src/main.c:1093:19:alarmSetISR	16	static
../Core/Src/main.c:1200:19:hourSetISR	16	static
../Core/Src/main.c:1232:19:minuteSetISR	56	static
../Core/Src/main.c:1280:6:alarmHourInc	8	static,ignoring_inline_asm
../Core/Src/main.c:1309:6:currHourInc	8	static,ignoring_inline_asm
../Core/Src/main.c:1341:6:alarmMinuteInc	8	static,ignoring_inline_asm
../Core/Src/main.c:1366:6:currMinuteInc	8	static,ignoring_inline_asm
../Core/Src/main.c:1396:6:dispFault	8	static
../Core/Src/main.c:1403:6:dispFailure	16	static
../Core/Src/main.c:1433:6:updateRTCBackupReg	8	static
../Core/Src/main.c:1447:6:Error_Handler	8	static,ignoring_inline_asm
