../Core/Src/main.c:227:5:main	72	static,ignoring_inline_asm
../Core/Src/main.c:386:6:SystemClock_Config	88	static
../Core/Src/main.c:442:13:MX_I2C1_Init	8	static
../Core/Src/main.c:490:13:MX_RTC_Init	56	static
../Core/Src/main.c:588:13:MX_TIM1_Init	104	static
../Core/Src/main.c:660:13:MX_TIM2_Init	48	static
../Core/Src/main.c:709:13:MX_TIM14_Init	8	static
../Core/Src/main.c:740:13:MX_TIM16_Init	8	static
../Core/Src/main.c:784:13:MX_GPIO_Init	56	static
../Core/Src/main.c:866:19:updateAndDisplayTime	16	static
../Core/Src/main.c:882:19:updateAndDisplayAlarm	16	static
../Core/Src/main.c:899:6:HAL_RTC_AlarmAEventCallback	64	static,ignoring_inline_asm
../Core/Src/main.c:939:6:userAlarmBeep	16	static
../Core/Src/main.c:1054:6:HAL_GPIO_EXTI_Falling_Callback	32	static,ignoring_inline_asm
../Core/Src/main.c:1110:6:HAL_TIM_PeriodElapsedCallback	16	static
../Core/Src/main.c:1125:19:displayButtonISR	16	static
../Core/Src/main.c:1148:19:alarmEnableISR	16	static,ignoring_inline_asm
../Core/Src/main.c:1189:19:alarmSetISR	16	static
../Core/Src/main.c:1296:19:hourSetISR	16	static
../Core/Src/main.c:1328:19:minuteSetISR	56	static
../Core/Src/main.c:1376:6:alarmHourInc	8	static,ignoring_inline_asm
../Core/Src/main.c:1405:6:currHourInc	8	static,ignoring_inline_asm
../Core/Src/main.c:1437:6:alarmMinuteInc	8	static,ignoring_inline_asm
../Core/Src/main.c:1462:6:currMinuteInc	8	static,ignoring_inline_asm
../Core/Src/main.c:1492:6:dispFault	8	static
../Core/Src/main.c:1499:6:dispFailure	16	static
../Core/Src/main.c:1529:6:updateRTCBackupReg	8	static
../Core/Src/main.c:1543:6:Error_Handler	8	static,ignoring_inline_asm
