../Core/Src/main.c:179:5:main	72	static
../Core/Src/main.c:274:6:SystemClock_Config	88	static
../Core/Src/main.c:330:13:MX_I2C1_Init	8	static
../Core/Src/main.c:378:13:MX_RTC_Init	72	static
../Core/Src/main.c:473:13:MX_TIM2_Init	48	static
../Core/Src/main.c:522:13:MX_TIM14_Init	8	static
../Core/Src/main.c:553:13:MX_GPIO_Init	56	static
../Core/Src/main.c:632:19:updateAndDisplayTime	16	static
../Core/Src/main.c:643:19:updateAndDisplayAlarm	16	static
../Core/Src/main.c:653:6:HAL_RTC_AlarmAEventCallback	64	static
../Core/Src/main.c:683:6:userAlarmBeep	24	static
../Core/Src/main.c:723:6:HAL_GPIO_EXTI_Falling_Callback	32	static,ignoring_inline_asm
../Core/Src/main.c:773:19:displayButtonISR	16	static
../Core/Src/main.c:793:19:alarmEnableISR	16	static,ignoring_inline_asm
../Core/Src/main.c:822:19:alarmSetISR	16	static
../Core/Src/main.c:922:19:hourSetISR	16	static
../Core/Src/main.c:956:19:minuteSetISR	16	static
../Core/Src/main.c:988:6:alarmHourInc	8	static,ignoring_inline_asm
../Core/Src/main.c:1011:6:currHourInc	8	static,ignoring_inline_asm
../Core/Src/main.c:1036:6:alarmMinuteInc	8	static,ignoring_inline_asm
../Core/Src/main.c:1051:6:currMinuteInc	8	static,ignoring_inline_asm
../Core/Src/main.c:1068:6:dispError	16	static
../Core/Src/main.c:1101:6:Error_Handler	8	static,ignoring_inline_asm
