../Core/Src/main.c:160:5:main	56	static
../Core/Src/main.c:231:6:SystemClock_Config	88	static
../Core/Src/main.c:284:13:MX_ADC1_Init	24	static
../Core/Src/main.c:343:13:MX_I2C1_Init	8	static
../Core/Src/main.c:391:13:MX_RTC_Init	72	static
../Core/Src/main.c:486:13:MX_TIM2_Init	48	static
../Core/Src/main.c:535:13:MX_TIM14_Init	8	static
../Core/Src/main.c:566:13:MX_GPIO_Init	56	static
../Core/Src/main.c:639:19:updateAndDisplayTime	16	static
../Core/Src/main.c:650:19:updateAndDisplayAlarm	16	static
../Core/Src/main.c:660:6:HAL_RTC_AlarmAEventCallback	56	static
../Core/Src/main.c:687:6:userAlarmBeep	16	static
../Core/Src/main.c:723:6:HAL_GPIO_EXTI_Falling_Callback	32	static,ignoring_inline_asm
../Core/Src/main.c:773:19:displayButtonISR	16	static
../Core/Src/main.c:793:19:alarmEnableISR	16	static,ignoring_inline_asm
../Core/Src/main.c:822:19:alarmSetISR	16	static
../Core/Src/main.c:922:19:hourSetISR	16	static,ignoring_inline_asm
../Core/Src/main.c:993:19:minuteSetISR	16	static,ignoring_inline_asm
../Core/Src/main.c:1072:6:Error_Handler	8	static,ignoring_inline_asm
