../Core/Src/main.c:227:5:main	72	static,ignoring_inline_asm
../Core/Src/main.c:382:6:SystemClock_Config	88	static
../Core/Src/main.c:438:13:MX_I2C1_Init	8	static
../Core/Src/main.c:486:13:MX_RTC_Init	56	static
../Core/Src/main.c:584:13:MX_TIM1_Init	104	static
../Core/Src/main.c:656:13:MX_TIM2_Init	48	static
../Core/Src/main.c:705:13:MX_TIM14_Init	8	static
../Core/Src/main.c:736:13:MX_TIM16_Init	8	static
../Core/Src/main.c:780:13:MX_GPIO_Init	56	static
../Core/Src/main.c:862:19:updateAndDisplayTime	16	static
../Core/Src/main.c:878:19:updateAndDisplayAlarm	16	static
../Core/Src/main.c:895:6:HAL_RTC_AlarmAEventCallback	64	static,ignoring_inline_asm
../Core/Src/main.c:935:6:userAlarmBeep	16	static
../Core/Src/main.c:1050:6:HAL_GPIO_EXTI_Falling_Callback	32	static,ignoring_inline_asm
../Core/Src/main.c:1106:6:HAL_TIM_PeriodElapsedCallback	16	static
../Core/Src/main.c:1121:19:displayButtonISR	16	static
../Core/Src/main.c:1144:19:alarmEnableISR	16	static,ignoring_inline_asm
../Core/Src/main.c:1185:19:alarmSetISR	16	static
../Core/Src/main.c:1297:19:hourSetISR	16	static
../Core/Src/main.c:1329:19:minuteSetISR	56	static
../Core/Src/main.c:1377:6:alarmHourInc	8	static,ignoring_inline_asm
../Core/Src/main.c:1406:6:currHourInc	8	static,ignoring_inline_asm
../Core/Src/main.c:1438:6:alarmMinuteInc	8	static,ignoring_inline_asm
../Core/Src/main.c:1463:6:currMinuteInc	8	static,ignoring_inline_asm
../Core/Src/main.c:1493:6:dispFault	8	static
../Core/Src/main.c:1500:6:dispFailure	16	static
../Core/Src/main.c:1530:6:updateRTCBackupReg	8	static
../Core/Src/main.c:1544:6:Error_Handler	8	static,ignoring_inline_asm
