../Core/Src/main.c:219:5:main	72	static,ignoring_inline_asm
../Core/Src/main.c:374:6:SystemClock_Config	88	static
../Core/Src/main.c:430:13:MX_I2C1_Init	8	static
../Core/Src/main.c:478:13:MX_RTC_Init	56	static
../Core/Src/main.c:577:13:MX_TIM2_Init	48	static
../Core/Src/main.c:626:13:MX_TIM14_Init	8	static
../Core/Src/main.c:657:13:MX_TIM16_Init	8	static
../Core/Src/main.c:701:13:MX_GPIO_Init	56	static
../Core/Src/main.c:783:19:updateAndDisplayTime	16	static
../Core/Src/main.c:799:19:updateAndDisplayAlarm	16	static
../Core/Src/main.c:816:6:HAL_RTC_AlarmAEventCallback	64	static,ignoring_inline_asm
../Core/Src/main.c:856:6:userAlarmBeep	16	static
../Core/Src/main.c:959:6:HAL_GPIO_EXTI_Falling_Callback	32	static,ignoring_inline_asm
../Core/Src/main.c:1015:6:HAL_TIM_PeriodElapsedCallback	16	static
../Core/Src/main.c:1030:19:displayButtonISR	16	static
../Core/Src/main.c:1053:19:alarmEnableISR	16	static,ignoring_inline_asm
../Core/Src/main.c:1088:19:alarmSetISR	16	static
../Core/Src/main.c:1195:19:hourSetISR	16	static
../Core/Src/main.c:1227:19:minuteSetISR	56	static
../Core/Src/main.c:1275:6:alarmHourInc	8	static,ignoring_inline_asm
../Core/Src/main.c:1304:6:currHourInc	8	static,ignoring_inline_asm
../Core/Src/main.c:1336:6:alarmMinuteInc	8	static,ignoring_inline_asm
../Core/Src/main.c:1361:6:currMinuteInc	8	static,ignoring_inline_asm
../Core/Src/main.c:1391:6:dispFault	8	static
../Core/Src/main.c:1398:6:dispFailure	16	static
../Core/Src/main.c:1428:6:updateRTCBackupReg	8	static
../Core/Src/main.c:1442:6:Error_Handler	8	static,ignoring_inline_asm
