../Core/Src/main.c:163:1:__io_putchar	16	static
../Core/Src/main.c:180:5:main	8	static
../Core/Src/main.c:233:6:SystemClock_Config	88	static
../Core/Src/main.c:275:13:MX_I2C1_Init	8	static
../Core/Src/main.c:323:13:MX_RTC_Init	72	static
../Core/Src/main.c:420:13:MX_USART2_UART_Init	8	static
../Core/Src/main.c:456:13:MX_GPIO_Init	56	static
../Core/Src/main.c:514:6:sevSeg_I2C1_Init	32	static
../Core/Src/main.c:602:19:updateAndDisplayTime	32	static
../Core/Src/main.c:637:6:HAL_RTC_AlarmAEventCallback	88	static
../Core/Src/main.c:669:6:Error_Handler	8	static,ignoring_inline_asm
