../Core/Src/main.c:146:1:__io_putchar	16	static
../Core/Src/main.c:163:5:main	40	static
../Core/Src/main.c:229:6:SystemClock_Config	88	static
../Core/Src/main.c:271:13:MX_RTC_Init	80	static
../Core/Src/main.c:374:13:MX_TIM1_Init	104	static
../Core/Src/main.c:446:13:MX_TIM16_Init	8	static
../Core/Src/main.c:478:13:MX_USART2_UART_Init	8	static
../Core/Src/main.c:514:13:MX_GPIO_Init	56	static
../Core/Src/main.c:595:19:updateAndDisplayTime	16	static
../Core/Src/main.c:613:19:updateAndDisplayAlarm	16	static
../Core/Src/main.c:631:6:HAL_RTC_AlarmAEventCallback	64	static
../Core/Src/main.c:653:6:HAL_RTC_AlarmBEventCallback	16	static
../Core/Src/main.c:664:6:userAlarmBeep	16	static
../Core/Src/main.c:694:6:HAL_GPIO_EXTI_Falling_Callback	32	static,ignoring_inline_asm
../Core/Src/main.c:744:19:displayButtonISR	16	static
../Core/Src/main.c:764:19:alarmEnableISR	16	static,ignoring_inline_asm
../Core/Src/main.c:793:19:alarmSetISR	16	static
../Core/Src/main.c:833:19:hourSetISR	24	static,ignoring_inline_asm
../Core/Src/main.c:897:19:minuteSetISR	24	static,ignoring_inline_asm
../Core/Src/main.c:982:6:Error_Handler	8	static,ignoring_inline_asm
