../Core/Src/main.c:183:1:__io_putchar	16	static
../Core/Src/main.c:200:5:main	24	static
../Core/Src/main.c:260:6:SystemClock_Config	88	static
../Core/Src/main.c:302:13:MX_I2C1_Init	8	static
../Core/Src/main.c:350:13:MX_RTC_Init	72	static
../Core/Src/main.c:447:13:MX_USART2_UART_Init	8	static
../Core/Src/main.c:483:13:MX_GPIO_Init	56	static
../Core/Src/main.c:551:6:sevSeg_I2C1_Init	32	static
../Core/Src/main.c:637:19:updateAndDisplayTime	32	static
../Core/Src/main.c:672:6:HAL_RTC_AlarmAEventCallback	88	static
../Core/Src/main.c:697:6:HAL_GPIO_EXTI_Falling_Callback	32	static,ignoring_inline_asm
../Core/Src/main.c:732:19:displayButtonISR	32	static
../Core/Src/main.c:752:19:alarmEnableISR	88	static,ignoring_inline_asm
../Core/Src/main.c:795:6:Error_Handler	8	static,ignoring_inline_asm
