../Core/Src/main.c:205:1:__io_putchar	16	static
../Core/Src/main.c:222:5:main	8	static
../Core/Src/main.c:276:6:SystemClock_Config	88	static
../Core/Src/main.c:318:13:MX_I2C1_Init	8	static
../Core/Src/main.c:366:13:MX_RTC_Init	72	static
../Core/Src/main.c:465:13:MX_TIM16_Init	8	static
../Core/Src/main.c:497:13:MX_USART2_UART_Init	8	static
../Core/Src/main.c:533:13:MX_GPIO_Init	56	static
../Core/Src/main.c:601:6:sevSeg_I2C1_Init	32	static
../Core/Src/main.c:688:19:updateAndDisplayTime	32	static
../Core/Src/main.c:716:19:updateAndDisplayAlarm	72	static
../Core/Src/main.c:745:6:HAL_RTC_AlarmAEventCallback	88	static
../Core/Src/main.c:777:6:HAL_RTC_AlarmBEventCallback	40	static
../Core/Src/main.c:812:6:HAL_GPIO_EXTI_Falling_Callback	32	static,ignoring_inline_asm
../Core/Src/main.c:863:19:displayButtonISR	32	static
../Core/Src/main.c:883:19:alarmEnableISR	88	static,ignoring_inline_asm
../Core/Src/main.c:922:19:alarmSetISR	24	static
../Core/Src/main.c:959:19:hourSetISR	64	static,ignoring_inline_asm
../Core/Src/main.c:1026:19:minuteSetISR	64	static,ignoring_inline_asm
../Core/Src/main.c:1114:6:Error_Handler	8	static,ignoring_inline_asm
