../Core/Src/main.c:205:1:__io_putchar	16	static
../Core/Src/main.c:222:5:main	24	static
../Core/Src/main.c:282:6:SystemClock_Config	88	static
../Core/Src/main.c:324:13:MX_I2C1_Init	8	static
../Core/Src/main.c:372:13:MX_RTC_Init	72	static
../Core/Src/main.c:470:13:MX_TIM16_Init	8	static
../Core/Src/main.c:502:13:MX_USART2_UART_Init	8	static
../Core/Src/main.c:538:13:MX_GPIO_Init	56	static
../Core/Src/main.c:606:6:sevSeg_I2C1_Init	32	static
../Core/Src/main.c:693:19:updateAndDisplayTime	32	static
../Core/Src/main.c:721:19:updateAndDisplayAlarm	72	static
../Core/Src/main.c:752:6:HAL_RTC_AlarmAEventCallback	88	static
../Core/Src/main.c:777:6:HAL_RTC_AlarmBEventCallback	16	static
../Core/Src/main.c:785:6:HAL_GPIO_EXTI_Falling_Callback	32	static,ignoring_inline_asm
../Core/Src/main.c:835:19:displayButtonISR	32	static
../Core/Src/main.c:855:19:alarmEnableISR	88	static,ignoring_inline_asm
../Core/Src/main.c:892:19:alarmSetISR	24	static
../Core/Src/main.c:940:19:hourSetISR	64	static,ignoring_inline_asm
../Core/Src/main.c:1007:19:minuteSetISR	64	static,ignoring_inline_asm
../Core/Src/main.c:1095:6:Error_Handler	8	static,ignoring_inline_asm
