../Core/Src/main.c:149:1:__io_putchar	16	static
../Core/Src/main.c:166:5:main	48	static
../Core/Src/main.c:235:6:SystemClock_Config	88	static
../Core/Src/main.c:277:13:MX_RTC_Init	80	static
../Core/Src/main.c:370:13:MX_TIM1_Init	104	static
../Core/Src/main.c:442:13:MX_TIM16_Init	8	static
../Core/Src/main.c:474:13:MX_USART2_UART_Init	8	static
../Core/Src/main.c:510:13:MX_GPIO_Init	56	static
../Core/Src/main.c:591:19:updateAndDisplayTime	16	static
../Core/Src/main.c:609:19:updateAndDisplayAlarm	16	static
../Core/Src/main.c:627:6:HAL_RTC_AlarmAEventCallback	64	static
../Core/Src/main.c:649:6:HAL_RTC_AlarmBEventCallback	16	static
../Core/Src/main.c:660:6:userAlarmBeep	16	static
../Core/Src/main.c:691:6:HAL_GPIO_EXTI_Falling_Callback	32	static,ignoring_inline_asm
../Core/Src/main.c:741:19:displayButtonISR	16	static
../Core/Src/main.c:761:19:alarmEnableISR	16	static,ignoring_inline_asm
../Core/Src/main.c:790:19:alarmSetISR	16	static
../Core/Src/main.c:830:19:hourSetISR	24	static,ignoring_inline_asm
../Core/Src/main.c:894:19:minuteSetISR	24	static,ignoring_inline_asm
../Core/Src/main.c:979:6:Error_Handler	8	static,ignoring_inline_asm
