../Core/Src/main.c:144:1:__io_putchar	16	static
../Core/Src/main.c:161:5:main	40	static
../Core/Src/main.c:226:6:SystemClock_Config	88	static
../Core/Src/main.c:268:13:MX_RTC_Init	80	static
../Core/Src/main.c:371:13:MX_TIM16_Init	8	static
../Core/Src/main.c:403:13:MX_USART2_UART_Init	8	static
../Core/Src/main.c:439:13:MX_GPIO_Init	56	static
../Core/Src/main.c:520:19:updateAndDisplayTime	16	static
../Core/Src/main.c:538:19:updateAndDisplayAlarm	16	static
../Core/Src/main.c:556:6:HAL_RTC_AlarmAEventCallback	64	static
../Core/Src/main.c:578:6:HAL_RTC_AlarmBEventCallback	16	static
../Core/Src/main.c:589:6:userAlarmBeep	16	static
../Core/Src/main.c:619:6:HAL_GPIO_EXTI_Falling_Callback	32	static,ignoring_inline_asm
../Core/Src/main.c:669:19:displayButtonISR	16	static
../Core/Src/main.c:689:19:alarmEnableISR	16	static,ignoring_inline_asm
../Core/Src/main.c:718:19:alarmSetISR	16	static
../Core/Src/main.c:758:19:hourSetISR	24	static,ignoring_inline_asm
../Core/Src/main.c:822:19:minuteSetISR	24	static,ignoring_inline_asm
../Core/Src/main.c:907:6:Error_Handler	8	static,ignoring_inline_asm
