../Core/Src/main.c:149:1:__io_putchar	16	static
../Core/Src/main.c:166:5:main	48	static
../Core/Src/main.c:238:6:SystemClock_Config	88	static
../Core/Src/main.c:280:13:MX_RTC_Init	80	static
../Core/Src/main.c:373:13:MX_TIM1_Init	104	static
../Core/Src/main.c:445:13:MX_TIM16_Init	8	static
../Core/Src/main.c:477:13:MX_USART2_UART_Init	8	static
../Core/Src/main.c:513:13:MX_GPIO_Init	56	static
../Core/Src/main.c:594:19:updateAndDisplayTime	16	static
../Core/Src/main.c:612:19:updateAndDisplayAlarm	16	static
../Core/Src/main.c:629:6:HAL_RTC_AlarmAEventCallback	56	static
../Core/Src/main.c:656:6:userAlarmBeep	16	static
../Core/Src/main.c:687:6:HAL_GPIO_EXTI_Falling_Callback	32	static,ignoring_inline_asm
../Core/Src/main.c:737:19:displayButtonISR	16	static
../Core/Src/main.c:757:19:alarmEnableISR	16	static,ignoring_inline_asm
../Core/Src/main.c:786:19:alarmSetISR	16	static
../Core/Src/main.c:826:19:hourSetISR	16	static,ignoring_inline_asm
../Core/Src/main.c:888:19:minuteSetISR	16	static,ignoring_inline_asm
../Core/Src/main.c:973:6:Error_Handler	8	static,ignoring_inline_asm
