../Core/Src/main.c:208:1:__io_putchar	16	static
../Core/Src/main.c:225:5:main	8	static
../Core/Src/main.c:279:6:SystemClock_Config	88	static
../Core/Src/main.c:321:13:MX_I2C1_Init	8	static
../Core/Src/main.c:369:13:MX_RTC_Init	72	static
../Core/Src/main.c:468:13:MX_TIM16_Init	8	static
../Core/Src/main.c:500:13:MX_USART2_UART_Init	8	static
../Core/Src/main.c:536:13:MX_GPIO_Init	56	static
../Core/Src/main.c:604:6:sevSeg_I2C1_Init	32	static
../Core/Src/main.c:691:19:updateAndDisplayTime	32	static
../Core/Src/main.c:719:19:updateAndDisplayAlarm	32	static
../Core/Src/main.c:747:6:HAL_RTC_AlarmAEventCallback	88	static
../Core/Src/main.c:772:6:HAL_RTC_AlarmBEventCallback	40	static
../Core/Src/main.c:806:6:HAL_GPIO_EXTI_Falling_Callback	32	static,ignoring_inline_asm
../Core/Src/main.c:857:19:displayButtonISR	32	static
../Core/Src/main.c:877:19:alarmEnableISR	48	static,ignoring_inline_asm
../Core/Src/main.c:915:19:alarmSetISR	24	static
../Core/Src/main.c:957:19:hourSetISR	24	static,ignoring_inline_asm
../Core/Src/main.c:1024:19:minuteSetISR	24	static,ignoring_inline_asm
../Core/Src/main.c:1105:6:capTouchTrigger	8	static
../Core/Src/main.c:1121:6:Error_Handler	8	static,ignoring_inline_asm
