../Core/Src/main.c:153:1:__io_putchar	16	static
../Core/Src/main.c:170:5:main	24	static
../Core/Src/main.c:232:6:SystemClock_Config	88	static
../Core/Src/main.c:274:13:MX_I2C1_Init	8	static
../Core/Src/main.c:322:13:MX_RTC_Init	80	static
../Core/Src/main.c:424:13:MX_TIM16_Init	8	static
../Core/Src/main.c:456:13:MX_USART2_UART_Init	8	static
../Core/Src/main.c:492:13:MX_GPIO_Init	56	static
../Core/Src/main.c:560:19:updateAndDisplayTime	16	static
../Core/Src/main.c:578:19:updateAndDisplayAlarm	16	static
../Core/Src/main.c:596:6:HAL_RTC_AlarmAEventCallback	64	static
../Core/Src/main.c:617:6:HAL_RTC_AlarmBEventCallback	16	static
../Core/Src/main.c:628:6:userAlarmBeep	16	static
../Core/Src/main.c:658:6:HAL_GPIO_EXTI_Falling_Callback	32	static,ignoring_inline_asm
../Core/Src/main.c:708:19:displayButtonISR	16	static
../Core/Src/main.c:725:19:alarmEnableISR	16	static,ignoring_inline_asm
../Core/Src/main.c:754:19:alarmSetISR	16	static
../Core/Src/main.c:794:19:hourSetISR	24	static,ignoring_inline_asm
../Core/Src/main.c:858:19:minuteSetISR	24	static,ignoring_inline_asm
../Core/Src/main.c:943:6:Error_Handler	8	static,ignoring_inline_asm
