../Core/Src/main.c:174:1:__io_putchar	16	static
../Core/Src/main.c:191:5:main	24	static
../Core/Src/main.c:249:6:SystemClock_Config	88	static
../Core/Src/main.c:291:13:MX_I2C1_Init	8	static
../Core/Src/main.c:339:13:MX_RTC_Init	72	static
../Core/Src/main.c:436:13:MX_USART2_UART_Init	8	static
../Core/Src/main.c:472:13:MX_GPIO_Init	56	static
../Core/Src/main.c:540:6:sevSeg_I2C1_Init	32	static
../Core/Src/main.c:626:19:updateAndDisplayTime	32	static
../Core/Src/main.c:661:6:HAL_RTC_AlarmAEventCallback	88	static
../Core/Src/main.c:686:6:HAL_GPIO_EXTI_Falling_Callback	32	static,ignoring_inline_asm
../Core/Src/main.c:714:19:displayButtonISR	32	static
../Core/Src/main.c:740:6:Error_Handler	8	static,ignoring_inline_asm
