../Core/Src/main.c:156:1:__io_putchar	16	static
../Core/Src/main.c:173:5:main	24	static
../Core/Src/main.c:251:6:SystemClock_Config	88	static
../Core/Src/main.c:293:13:MX_I2C1_Init	8	static
../Core/Src/main.c:341:13:MX_RTC_Init	72	static
../Core/Src/main.c:440:13:MX_TIM16_Init	8	static
../Core/Src/main.c:472:13:MX_USART2_UART_Init	8	static
../Core/Src/main.c:508:13:MX_GPIO_Init	56	static
../Core/Src/main.c:576:19:updateAndDisplayTime	16	static
../Core/Src/main.c:596:19:updateAndDisplayAlarm	24	static
../Core/Src/main.c:616:6:HAL_RTC_AlarmAEventCallback	88	static
../Core/Src/main.c:641:6:HAL_RTC_AlarmBEventCallback	32	static
../Core/Src/main.c:675:6:HAL_GPIO_EXTI_Falling_Callback	32	static,ignoring_inline_asm
../Core/Src/main.c:726:19:displayButtonISR	16	static
../Core/Src/main.c:743:19:alarmEnableISR	48	static,ignoring_inline_asm
../Core/Src/main.c:781:19:alarmSetISR	16	static
../Core/Src/main.c:821:19:hourSetISR	24	static,ignoring_inline_asm
../Core/Src/main.c:888:19:minuteSetISR	24	static,ignoring_inline_asm
../Core/Src/main.c:969:6:capTouchTrigger	8	static
../Core/Src/main.c:985:6:Error_Handler	8	static,ignoring_inline_asm
