../Core/Src/main.c:200:1:__io_putchar	16	static
../Core/Src/main.c:217:5:main	24	static
../Core/Src/main.c:290:6:SystemClock_Config	88	static
../Core/Src/main.c:332:13:MX_I2C1_Init	8	static
../Core/Src/main.c:380:13:MX_RTC_Init	72	static
../Core/Src/main.c:478:13:MX_TIM16_Init	8	static
../Core/Src/main.c:510:13:MX_USART2_UART_Init	8	static
../Core/Src/main.c:546:13:MX_GPIO_Init	56	static
../Core/Src/main.c:614:6:sevSeg_I2C1_Init	32	static
../Core/Src/main.c:701:19:updateAndDisplayTime	32	static
../Core/Src/main.c:736:6:HAL_RTC_AlarmAEventCallback	88	static
../Core/Src/main.c:761:6:HAL_RTC_AlarmBEventCallback	16	static
../Core/Src/main.c:769:6:HAL_GPIO_EXTI_Falling_Callback	32	static,ignoring_inline_asm
../Core/Src/main.c:814:19:displayButtonISR	32	static
../Core/Src/main.c:834:19:alarmEnableISR	88	static,ignoring_inline_asm
../Core/Src/main.c:871:19:alarmSetISR	8	static
../Core/Src/main.c:879:19:hourSetISR	80	static,ignoring_inline_asm
../Core/Src/main.c:946:19:minuteSetISR	80	static,ignoring_inline_asm
../Core/Src/main.c:1034:6:Error_Handler	8	static,ignoring_inline_asm
