../Core/Src/main.c:153:1:__io_putchar	16	static
../Core/Src/main.c:170:5:main	24	static
../Core/Src/main.c:232:6:SystemClock_Config	88	static
../Core/Src/main.c:274:13:MX_I2C1_Init	8	static
../Core/Src/main.c:322:13:MX_RTC_Init	80	static
../Core/Src/main.c:426:13:MX_TIM16_Init	8	static
../Core/Src/main.c:458:13:MX_USART2_UART_Init	8	static
../Core/Src/main.c:494:13:MX_GPIO_Init	56	static
../Core/Src/main.c:562:19:updateAndDisplayTime	16	static
../Core/Src/main.c:580:19:updateAndDisplayAlarm	16	static
../Core/Src/main.c:598:6:HAL_RTC_AlarmAEventCallback	64	static
../Core/Src/main.c:619:6:HAL_RTC_AlarmBEventCallback	16	static
../Core/Src/main.c:630:6:userAlarmBeep	16	static
../Core/Src/main.c:660:6:HAL_GPIO_EXTI_Falling_Callback	32	static,ignoring_inline_asm
../Core/Src/main.c:710:19:displayButtonISR	16	static
../Core/Src/main.c:727:19:alarmEnableISR	16	static,ignoring_inline_asm
../Core/Src/main.c:756:19:alarmSetISR	16	static
../Core/Src/main.c:796:19:hourSetISR	24	static,ignoring_inline_asm
../Core/Src/main.c:860:19:minuteSetISR	24	static,ignoring_inline_asm
../Core/Src/main.c:945:6:Error_Handler	8	static,ignoring_inline_asm
