../Core/Src/main.c:148:1:__io_putchar	16	static
../Core/Src/main.c:165:5:main	48	static
../Core/Src/main.c:237:6:SystemClock_Config	88	static
../Core/Src/main.c:284:13:MX_RTC_Init	80	static
../Core/Src/main.c:377:13:MX_TIM1_Init	104	static
../Core/Src/main.c:449:13:MX_TIM16_Init	8	static
../Core/Src/main.c:481:13:MX_USART2_UART_Init	8	static
../Core/Src/main.c:517:13:MX_GPIO_Init	56	static
../Core/Src/main.c:598:19:updateAndDisplayTime	16	static
../Core/Src/main.c:619:19:updateAndDisplayAlarm	16	static
../Core/Src/main.c:636:6:HAL_RTC_AlarmAEventCallback	56	static
../Core/Src/main.c:663:6:userAlarmBeep	16	static
../Core/Src/main.c:694:6:HAL_GPIO_EXTI_Falling_Callback	32	static,ignoring_inline_asm
../Core/Src/main.c:744:19:displayButtonISR	16	static
../Core/Src/main.c:764:19:alarmEnableISR	16	static,ignoring_inline_asm
../Core/Src/main.c:793:19:alarmSetISR	16	static
../Core/Src/main.c:833:19:hourSetISR	16	static,ignoring_inline_asm
../Core/Src/main.c:890:19:minuteSetISR	16	static,ignoring_inline_asm
../Core/Src/main.c:969:6:Error_Handler	8	static,ignoring_inline_asm
