../Core/Src/main.c:161:1:__io_putchar	16	static
../Core/Src/main.c:178:5:main	24	static
../Core/Src/main.c:256:6:SystemClock_Config	88	static
../Core/Src/main.c:298:13:MX_I2C1_Init	8	static
../Core/Src/main.c:346:13:MX_RTC_Init	72	static
../Core/Src/main.c:445:13:MX_TIM16_Init	8	static
../Core/Src/main.c:477:13:MX_USART2_UART_Init	8	static
../Core/Src/main.c:513:13:MX_GPIO_Init	56	static
../Core/Src/main.c:581:19:updateAndDisplayTime	16	static
../Core/Src/main.c:601:19:updateAndDisplayAlarm	24	static
../Core/Src/main.c:621:6:HAL_RTC_AlarmAEventCallback	88	static
../Core/Src/main.c:646:6:HAL_RTC_AlarmBEventCallback	32	static
../Core/Src/main.c:680:6:HAL_GPIO_EXTI_Falling_Callback	32	static,ignoring_inline_asm
../Core/Src/main.c:731:19:displayButtonISR	16	static
../Core/Src/main.c:748:19:alarmEnableISR	48	static,ignoring_inline_asm
../Core/Src/main.c:786:19:alarmSetISR	16	static
../Core/Src/main.c:826:19:hourSetISR	24	static,ignoring_inline_asm
../Core/Src/main.c:893:19:minuteSetISR	24	static,ignoring_inline_asm
../Core/Src/main.c:974:6:capTouchTrigger	8	static
../Core/Src/main.c:990:6:Error_Handler	8	static,ignoring_inline_asm
