../Core/Src/main.c:155:1:__io_putchar	16	static
../Core/Src/main.c:172:5:main	24	static
../Core/Src/main.c:225:6:SystemClock_Config	88	static
../Core/Src/main.c:267:13:MX_I2C1_Init	8	static
../Core/Src/main.c:315:13:MX_RTC_Init	72	static
../Core/Src/main.c:412:13:MX_USART2_UART_Init	8	static
../Core/Src/main.c:448:13:MX_GPIO_Init	56	static
../Core/Src/main.c:506:6:sevSeg_I2C1_Init	32	static
../Core/Src/main.c:594:19:updateAndDisplayTime	32	static
../Core/Src/main.c:638:6:Error_Handler	8	static,ignoring_inline_asm
