../Core/Src/main.c:154:1:__io_putchar	16	static
../Core/Src/main.c:171:5:main	24	static
../Core/Src/main.c:236:6:SystemClock_Config	88	static
../Core/Src/main.c:278:13:MX_I2C1_Init	8	static
../Core/Src/main.c:326:13:MX_RTC_Init	72	static
../Core/Src/main.c:425:13:MX_TIM16_Init	8	static
../Core/Src/main.c:457:13:MX_USART2_UART_Init	8	static
../Core/Src/main.c:493:13:MX_GPIO_Init	56	static
../Core/Src/main.c:561:19:updateAndDisplayTime	16	static
../Core/Src/main.c:579:19:updateAndDisplayAlarm	16	static
../Core/Src/main.c:597:6:HAL_RTC_AlarmAEventCallback	64	static
../Core/Src/main.c:618:6:HAL_RTC_AlarmBEventCallback	16	static
../Core/Src/main.c:629:6:userAlarmBeep	16	static
../Core/Src/main.c:665:6:HAL_GPIO_EXTI_Falling_Callback	32	static,ignoring_inline_asm
../Core/Src/main.c:715:19:displayButtonISR	16	static
../Core/Src/main.c:732:19:alarmEnableISR	16	static,ignoring_inline_asm
../Core/Src/main.c:767:19:alarmSetISR	16	static
../Core/Src/main.c:807:19:hourSetISR	24	static,ignoring_inline_asm
../Core/Src/main.c:871:19:minuteSetISR	24	static,ignoring_inline_asm
../Core/Src/main.c:956:6:Error_Handler	8	static,ignoring_inline_asm
