../Core/Src/main.c:149:1:__io_putchar	16	static
../Core/Src/main.c:166:5:main	48	static
../Core/Src/main.c:233:6:SystemClock_Config	88	static
../Core/Src/main.c:275:13:MX_RTC_Init	80	static
../Core/Src/main.c:368:13:MX_TIM1_Init	104	static
../Core/Src/main.c:440:13:MX_TIM16_Init	8	static
../Core/Src/main.c:472:13:MX_USART2_UART_Init	8	static
../Core/Src/main.c:508:13:MX_GPIO_Init	56	static
../Core/Src/main.c:589:19:updateAndDisplayTime	16	static
../Core/Src/main.c:607:19:updateAndDisplayAlarm	16	static
../Core/Src/main.c:625:6:HAL_RTC_AlarmAEventCallback	64	static
../Core/Src/main.c:647:6:HAL_RTC_AlarmBEventCallback	16	static
../Core/Src/main.c:658:6:userAlarmBeep	16	static
../Core/Src/main.c:689:6:HAL_GPIO_EXTI_Falling_Callback	32	static,ignoring_inline_asm
../Core/Src/main.c:739:19:displayButtonISR	16	static
../Core/Src/main.c:759:19:alarmEnableISR	16	static,ignoring_inline_asm
../Core/Src/main.c:788:19:alarmSetISR	16	static
../Core/Src/main.c:829:19:hourSetISR	24	static,ignoring_inline_asm
../Core/Src/main.c:893:19:minuteSetISR	24	static,ignoring_inline_asm
../Core/Src/main.c:978:6:Error_Handler	8	static,ignoring_inline_asm
