../Core/Src/main.c:192:1:__io_putchar	16	static
../Core/Src/main.c:209:5:main	24	static
../Core/Src/main.c:269:6:SystemClock_Config	88	static
../Core/Src/main.c:311:13:MX_I2C1_Init	8	static
../Core/Src/main.c:359:13:MX_RTC_Init	72	static
../Core/Src/main.c:456:13:MX_USART2_UART_Init	8	static
../Core/Src/main.c:492:13:MX_GPIO_Init	56	static
../Core/Src/main.c:560:6:sevSeg_I2C1_Init	32	static
../Core/Src/main.c:647:19:updateAndDisplayTime	32	static
../Core/Src/main.c:682:6:HAL_RTC_AlarmAEventCallback	88	static
../Core/Src/main.c:707:6:HAL_GPIO_EXTI_Falling_Callback	32	static,ignoring_inline_asm
../Core/Src/main.c:747:19:displayButtonISR	32	static
../Core/Src/main.c:767:19:alarmEnableISR	88	static,ignoring_inline_asm
../Core/Src/main.c:804:19:hourSetISR	80	static,ignoring_inline_asm
../Core/Src/main.c:874:6:Error_Handler	8	static,ignoring_inline_asm
