../Core/Src/main.c:127:1:__io_putchar	16	static
../Core/Src/main.c:144:5:main	24	static
../Core/Src/main.c:207:6:SystemClock_Config	88	static
../Core/Src/main.c:249:13:MX_I2C1_Init	8	static
../Core/Src/main.c:297:13:MX_RTC_Init	72	static
../Core/Src/main.c:396:13:MX_TIM16_Init	8	static
../Core/Src/main.c:428:13:MX_USART2_UART_Init	8	static
../Core/Src/main.c:464:13:MX_GPIO_Init	56	static
../Core/Src/main.c:532:19:updateAndDisplayTime	16	static
../Core/Src/main.c:550:19:updateAndDisplayAlarm	16	static
../Core/Src/main.c:568:6:HAL_RTC_AlarmAEventCallback	64	static
../Core/Src/main.c:589:6:HAL_RTC_AlarmBEventCallback	32	static
../Core/Src/main.c:623:6:HAL_GPIO_EXTI_Falling_Callback	32	static,ignoring_inline_asm
../Core/Src/main.c:673:19:displayButtonISR	16	static
../Core/Src/main.c:690:19:alarmEnableISR	16	static,ignoring_inline_asm
../Core/Src/main.c:725:19:alarmSetISR	16	static
../Core/Src/main.c:765:19:hourSetISR	24	static,ignoring_inline_asm
../Core/Src/main.c:829:19:minuteSetISR	24	static,ignoring_inline_asm
../Core/Src/main.c:914:6:Error_Handler	8	static,ignoring_inline_asm
