../Core/Src/main.c:158:1:__io_putchar	16	static
../Core/Src/main.c:175:5:main	24	static
../Core/Src/main.c:239:6:SystemClock_Config	88	static
../Core/Src/main.c:281:13:MX_I2C1_Init	8	static
../Core/Src/main.c:329:13:MX_RTC_Init	72	static
../Core/Src/main.c:428:13:MX_TIM16_Init	8	static
../Core/Src/main.c:460:13:MX_USART2_UART_Init	8	static
../Core/Src/main.c:496:13:MX_GPIO_Init	56	static
../Core/Src/main.c:564:19:updateAndDisplayTime	16	static
../Core/Src/main.c:582:19:updateAndDisplayAlarm	16	static
../Core/Src/main.c:600:6:HAL_RTC_AlarmAEventCallback	64	static
../Core/Src/main.c:621:6:HAL_RTC_AlarmBEventCallback	32	static
../Core/Src/main.c:655:6:HAL_GPIO_EXTI_Falling_Callback	32	static,ignoring_inline_asm
../Core/Src/main.c:705:19:displayButtonISR	16	static
../Core/Src/main.c:722:19:alarmEnableISR	16	static,ignoring_inline_asm
../Core/Src/main.c:757:19:alarmSetISR	16	static
../Core/Src/main.c:797:19:hourSetISR	24	static,ignoring_inline_asm
../Core/Src/main.c:861:19:minuteSetISR	24	static,ignoring_inline_asm
../Core/Src/main.c:939:6:capTouchTrigger	8	static
../Core/Src/main.c:955:6:Error_Handler	8	static,ignoring_inline_asm
