../Core/Src/main.c:163:1:__io_putchar	16	static
../Core/Src/main.c:180:5:main	24	static
../Core/Src/main.c:236:6:SystemClock_Config	88	static
../Core/Src/main.c:278:13:MX_I2C1_Init	8	static
../Core/Src/main.c:326:13:MX_RTC_Init	72	static
../Core/Src/main.c:423:13:MX_USART2_UART_Init	8	static
../Core/Src/main.c:459:13:MX_GPIO_Init	56	static
../Core/Src/main.c:527:6:sevSeg_I2C1_Init	32	static
../Core/Src/main.c:615:19:updateAndDisplayTime	32	static
../Core/Src/main.c:650:6:HAL_RTC_AlarmAEventCallback	88	static
../Core/Src/main.c:682:6:Error_Handler	8	static,ignoring_inline_asm
