18:39:54 **** Incremental Build of configuration Debug for project sinking-clock ****
make -j8 all 
arm-none-eabi-gcc "../Core/Src/main.c" -mcpu=cortex-m0plus -std=gnu11 -g3 -DDEBUG -DUSE_HAL_DRIVER -DSTM32G031xx -c -I../Core/Inc -I../Drivers/STM32G0xx_HAL_Driver/Inc -I../Drivers/STM32G0xx_HAL_Driver/Inc/Legacy -I../Drivers/CMSIS/Device/ST/STM32G0xx/Include -I../Drivers/CMSIS/Include -O0 -ffunction-sections -fdata-sections -Wall -fstack-usage -fcyclomatic-complexity -MMD -MP -MF"Core/Src/main.d" -MT"Core/Src/main.o" --specs=nano.specs -mfloat-abi=soft -mthumb -o "Core/Src/main.o"
arm-none-eabi-gcc -o "sinking-clock.elf" @"objects.list"   -mcpu=cortex-m0plus -T"C:\Lab\sinking-clock\firmware\sinking-clock\STM32G031K8TX_FLASH.ld" --specs=nosys.specs -Wl,-Map="sinking-clock.map" -Wl,--gc-sections -static --specs=nano.specs -mfloat-abi=soft -mthumb -Wl,--start-group -lc -lm -Wl,--end-group
Finished building target: sinking-clock.elf
 
arm-none-eabi-size   sinking-clock.elf 
arm-none-eabi-objdump -h -S  sinking-clock.elf  > "sinking-clock.list"
   text	   data	    bss	    dec	    hex	filename
  10480	     20	   1804	  12304	   3010	sinking-clock.elf
Finished building: default.size.stdout
 
Finished building: sinking-clock.list
 
18:40:54 **** Incremental Build of configuration Debug for project sinking-clock ****
make -j8 all 
arm-none-eabi-size   sinking-clock.elf 
   text	   data	    bss	    dec	    hex	filename
  10480	     20	   1804	  12304	   3010	sinking-clock.elf
Finished building: default.size.stdout
 
